Archive member included to satisfy reference by file (symbol)

C:/ST/STM32CubeIDE_1.17.0/STM32CubeIDE/plugins/com.st.stm32cube.ide.mcu.externaltools.gnu-tools-for-stm32.12.3.rel1.win32_1.1.0.202410251130/tools/bin/../lib/gcc/arm-none-eabi/12.3.1/../../../../arm-none-eabi/lib/thumb/v7-m/nofp\libc_nano.a(libc_a-exit.o)
                              C:/ST/STM32CubeIDE_1.17.0/STM32CubeIDE/plugins/com.st.stm32cube.ide.mcu.externaltools.gnu-tools-for-stm32.12.3.rel1.win32_1.1.0.202410251130/tools/bin/../lib/gcc/arm-none-eabi/12.3.1/../../../../arm-none-eabi/lib/thumb/v7-m/nofp/crt0.o (exit)
C:/ST/STM32CubeIDE_1.17.0/STM32CubeIDE/plugins/com.st.stm32cube.ide.mcu.externaltools.gnu-tools-for-stm32.12.3.rel1.win32_1.1.0.202410251130/tools/bin/../lib/gcc/arm-none-eabi/12.3.1/../../../../arm-none-eabi/lib/thumb/v7-m/nofp\libc_nano.a(libc_a-findfp.o)
                              C:/ST/STM32CubeIDE_1.17.0/STM32CubeIDE/plugins/com.st.stm32cube.ide.mcu.externaltools.gnu-tools-for-stm32.12.3.rel1.win32_1.1.0.202410251130/tools/bin/../lib/gcc/arm-none-eabi/12.3.1/../../../../arm-none-eabi/lib/thumb/v7-m/nofp\libc_nano.a(libc_a-exit.o) (__stdio_exit_handler)
C:/ST/STM32CubeIDE_1.17.0/STM32CubeIDE/plugins/com.st.stm32cube.ide.mcu.externaltools.gnu-tools-for-stm32.12.3.rel1.win32_1.1.0.202410251130/tools/bin/../lib/gcc/arm-none-eabi/12.3.1/../../../../arm-none-eabi/lib/thumb/v7-m/nofp\libc_nano.a(libc_a-fwalk.o)
                              C:/ST/STM32CubeIDE_1.17.0/STM32CubeIDE/plugins/com.st.stm32cube.ide.mcu.externaltools.gnu-tools-for-stm32.12.3.rel1.win32_1.1.0.202410251130/tools/bin/../lib/gcc/arm-none-eabi/12.3.1/../../../../arm-none-eabi/lib/thumb/v7-m/nofp\libc_nano.a(libc_a-findfp.o) (_fwalk_sglue)
C:/ST/STM32CubeIDE_1.17.0/STM32CubeIDE/plugins/com.st.stm32cube.ide.mcu.externaltools.gnu-tools-for-stm32.12.3.rel1.win32_1.1.0.202410251130/tools/bin/../lib/gcc/arm-none-eabi/12.3.1/../../../../arm-none-eabi/lib/thumb/v7-m/nofp\libc_nano.a(libc_a-stdio.o)
                              C:/ST/STM32CubeIDE_1.17.0/STM32CubeIDE/plugins/com.st.stm32cube.ide.mcu.externaltools.gnu-tools-for-stm32.12.3.rel1.win32_1.1.0.202410251130/tools/bin/../lib/gcc/arm-none-eabi/12.3.1/../../../../arm-none-eabi/lib/thumb/v7-m/nofp\libc_nano.a(libc_a-findfp.o) (__sread)
C:/ST/STM32CubeIDE_1.17.0/STM32CubeIDE/plugins/com.st.stm32cube.ide.mcu.externaltools.gnu-tools-for-stm32.12.3.rel1.win32_1.1.0.202410251130/tools/bin/../lib/gcc/arm-none-eabi/12.3.1/../../../../arm-none-eabi/lib/thumb/v7-m/nofp\libc_nano.a(libc_a-memset.o)
                              C:/ST/STM32CubeIDE_1.17.0/STM32CubeIDE/plugins/com.st.stm32cube.ide.mcu.externaltools.gnu-tools-for-stm32.12.3.rel1.win32_1.1.0.202410251130/tools/bin/../lib/gcc/arm-none-eabi/12.3.1/../../../../arm-none-eabi/lib/thumb/v7-m/nofp/crt0.o (memset)
C:/ST/STM32CubeIDE_1.17.0/STM32CubeIDE/plugins/com.st.stm32cube.ide.mcu.externaltools.gnu-tools-for-stm32.12.3.rel1.win32_1.1.0.202410251130/tools/bin/../lib/gcc/arm-none-eabi/12.3.1/../../../../arm-none-eabi/lib/thumb/v7-m/nofp\libc_nano.a(libc_a-strncmp.o)
                              ./Core/Src/lwgps.o (strncmp)
C:/ST/STM32CubeIDE_1.17.0/STM32CubeIDE/plugins/com.st.stm32cube.ide.mcu.externaltools.gnu-tools-for-stm32.12.3.rel1.win32_1.1.0.202410251130/tools/bin/../lib/gcc/arm-none-eabi/12.3.1/../../../../arm-none-eabi/lib/thumb/v7-m/nofp\libc_nano.a(libc_a-closer.o)
                              C:/ST/STM32CubeIDE_1.17.0/STM32CubeIDE/plugins/com.st.stm32cube.ide.mcu.externaltools.gnu-tools-for-stm32.12.3.rel1.win32_1.1.0.202410251130/tools/bin/../lib/gcc/arm-none-eabi/12.3.1/../../../../arm-none-eabi/lib/thumb/v7-m/nofp\libc_nano.a(libc_a-stdio.o) (_close_r)
C:/ST/STM32CubeIDE_1.17.0/STM32CubeIDE/plugins/com.st.stm32cube.ide.mcu.externaltools.gnu-tools-for-stm32.12.3.rel1.win32_1.1.0.202410251130/tools/bin/../lib/gcc/arm-none-eabi/12.3.1/../../../../arm-none-eabi/lib/thumb/v7-m/nofp\libc_nano.a(libc_a-reent.o)
                              C:/ST/STM32CubeIDE_1.17.0/STM32CubeIDE/plugins/com.st.stm32cube.ide.mcu.externaltools.gnu-tools-for-stm32.12.3.rel1.win32_1.1.0.202410251130/tools/bin/../lib/gcc/arm-none-eabi/12.3.1/../../../../arm-none-eabi/lib/thumb/v7-m/nofp\libc_nano.a(libc_a-closer.o) (errno)
C:/ST/STM32CubeIDE_1.17.0/STM32CubeIDE/plugins/com.st.stm32cube.ide.mcu.externaltools.gnu-tools-for-stm32.12.3.rel1.win32_1.1.0.202410251130/tools/bin/../lib/gcc/arm-none-eabi/12.3.1/../../../../arm-none-eabi/lib/thumb/v7-m/nofp\libc_nano.a(libc_a-impure.o)
                              C:/ST/STM32CubeIDE_1.17.0/STM32CubeIDE/plugins/com.st.stm32cube.ide.mcu.externaltools.gnu-tools-for-stm32.12.3.rel1.win32_1.1.0.202410251130/tools/bin/../lib/gcc/arm-none-eabi/12.3.1/../../../../arm-none-eabi/lib/thumb/v7-m/nofp\libc_nano.a(libc_a-reent.o) (_impure_ptr)
[...]
Memory Configuration

Name             Origin             Length             Attributes
RAM              0x20000000         0x00002800         xrw
FLASH            0x08000000         0x00008000         xr
*default*        0x00000000         0xffffffff

Linker script and memory map

LOAD C:/ST/STM32CubeIDE_1.17.0/STM32CubeIDE/plugins/com.st.stm32cube.ide.mcu.externaltools.gnu-tools-for-stm32.12.3.rel1.win32_1.1.0.202410251130/tools/bin/../lib/gcc/arm-none-eabi/12.3.1/thumb/v7-m/nofp/crti.o
LOAD C:/ST/STM32CubeIDE_1.17.0/STM32CubeIDE/plugins/com.st.stm32cube.ide.mcu.externaltools.gnu-tools-for-stm32.12.3.rel1.win32_1.1.0.202410251130/tools/bin/../lib/gcc/arm-none-eabi/12.3.1/thumb/v7-m/nofp/crtbegin.o
LOAD C:/ST/STM32CubeIDE_1.17.0/STM32CubeIDE/plugins/com.st.stm32cube.ide.mcu.externaltools.gnu-tools-for-stm32.12.3.rel1.win32_1.1.0.202410251130/tools/bin/../lib/gcc/arm-none-eabi/12.3.1/../../../../arm-none-eabi/lib/thumb/v7-m/nofp/crt0.o
LOAD ./Core/Src/bmp280.o
LOAD ./Core/Src/lwgps.o
LOAD ./Core/Src/main.o
LOAD ./Core/Src/mpu9250.o
LOAD ./Core/Src/stm32f1xx_hal_msp.o
LOAD ./Core/Src/stm32f1xx_it.o
LOAD ./Core/Src/syscalls.o
LOAD ./Core/Src/sysmem.o
LOAD ./Core/Src/system_stm32f1xx.o
LOAD ./Core/Startup/startup_stm32f103c6tx.o
LOAD ./Drivers/STM32F1xx_HAL_Driver/Src/stm32f1xx_hal.o
LOAD ./Drivers/STM32F1xx_HAL_Driver/Src/stm32f1xx_hal_cortex.o
LOAD ./Drivers/STM32F1xx_HAL_Driver/Src/stm32f1xx_hal_dma.o
LOAD ./Drivers/STM32F1xx_HAL_Driver/Src/stm32f1xx_hal_exti.o
LOAD ./Drivers/STM32F1xx_HAL_Driver/Src/stm32f1xx_hal_flash.o
LOAD ./Drivers/STM32F1xx_HAL_Driver/Src/stm32f1xx_hal_flash_ex.o
LOAD ./Drivers/STM32F1xx_HAL_Driver/Src/stm32f1xx_hal_gpio.o
LOAD ./Drivers/STM32F1xx_HAL_Driver/Src/stm32f1xx_hal_gpio_ex.o
LOAD ./Drivers/STM32F1xx_HAL_Driver/Src/stm32f1xx_hal_i2c.o
LOAD ./Drivers/STM32F1xx_HAL_Driver/Src/stm32f1xx_hal_pwr.o
LOAD ./Drivers/STM32F1xx_HAL_Driver/Src/stm32f1xx_hal_rcc.o
LOAD ./Drivers/STM32F1xx_HAL_Driver/Src/stm32f1xx_hal_rcc_ex.o
LOAD ./Drivers/STM32F1xx_HAL_Driver/Src/stm32f1xx_hal_uart.o
START GROUP
LOAD C:/ST/STM32CubeIDE_1.17.0/STM32CubeIDE/plugins/com.st.stm32cube.ide.mcu.externaltools.gnu-tools-for-stm32.12.3.rel1.win32_1.1.0.202410251130/tools/bin/../lib/gcc/arm-none-eabi/12.3.1/../../../../arm-none-eabi/lib/thumb/v7-m/nofp\libc_nano.a
LOAD C:/ST/STM32CubeIDE_1.17.0/STM32CubeIDE/plugins/com.st.stm32cube.ide.mcu.externaltools.gnu-tools-for-stm32.12.3.rel1.win32_1.1.0.202410251130/tools/bin/../lib/gcc/arm-none-eabi/12.3.1/../../../../arm-none-eabi/lib/thumb/v7-m/nofp\libm.a
END GROUP
START GROUP
LOAD C:/ST/STM32CubeIDE_1.17.0/STM32CubeIDE/plugins/com.st.stm32cube.ide.mcu.externaltools.gnu-tools-for-stm32.12.3.rel1.win32_1.1.0.202410251130/tools/bin/../lib/gcc/arm-none-eabi/12.3.1/thumb/v7-m/nofp\libgcc.a
LOAD C:/ST/STM32CubeIDE_1.17.0/STM32CubeIDE/plugins/com.st.stm32cube.ide.mcu.externaltools.gnu-tools-for-stm32.12.3.rel1.win32_1.1.0.202410251130/tools/bin/../lib/gcc/arm-none-eabi/12.3.1/../../../../arm-none-eabi/lib/thumb/v7-m/nofp\libc_nano.a
END GROUP
START GROUP
LOAD C:/ST/STM32CubeIDE_1.17.0/STM32CubeIDE/plugins/com.st.stm32cube.ide.mcu.externaltools.gnu-tools-for-stm32.12.3.rel1.win32_1.1.0.202410251130/tools/bin/../lib/gcc/arm-none-eabi/12.3.1/thumb/v7-m/nofp\libgcc.a
LOAD C:/ST/STM32CubeIDE_1.17.0/STM32CubeIDE/plugins/com.st.stm32cube.ide.mcu.externaltools.gnu-tools-for-stm32.12.3.rel1.win32_1.1.0.202410251130/tools/bin/../lib/gcc/arm-none-eabi/12.3.1/../../../../arm-none-eabi/lib/thumb/v7-m/nofp\libc_nano.a
LOAD C:/ST/STM32CubeIDE_1.17.0/STM32CubeIDE/plugins/com.st.stm32cube.ide.mcu.externaltools.gnu-tools-for-stm32.12.3.rel1.win32_1.1.0.202410251130/tools/bin/../lib/gcc/arm-none-eabi/12.3.1/../../../../arm-none-eabi/lib/thumb/v7-m/nofp\libnosys.a
END GROUP
START GROUP
LOAD C:/ST/STM32CubeIDE_1.17.0/STM32CubeIDE/plugins/com.st.stm32cube.ide.mcu.externaltools.gnu-tools-for-stm32.12.3.rel1.win32_1.1.0.202410251130/tools/bin/../lib/gcc/arm-none-eabi/12.3.1/thumb/v7-m/nofp\libgcc.a
LOAD C:/ST/STM32CubeIDE_1.17.0/STM32CubeIDE/plugins/com.st.stm32cube.ide.mcu.externaltools.gnu-tools-for-stm32.12.3.rel1.win32_1.1.0.202410251130/tools/bin/../lib/gcc/arm-none-eabi/12.3.1/../../../../arm-none-eabi/lib/thumb/v7-m/nofp\libc_nano.a
LOAD C:/ST/STM32CubeIDE_1.17.0/STM32CubeIDE/plugins/com.st.stm32cube.ide.mcu.externaltools.gnu-tools-for-stm32.12.3.rel1.win32_1.1.0.202410251130/tools/bin/../lib/gcc/arm-none-eabi/12.3.1/../../../../arm-none-eabi/lib/thumb/v7-m/nofp\libnosys.a
END GROUP
LOAD C:/ST/STM32CubeIDE_1.17.0/STM32CubeIDE/plugins/com.st.stm32cube.ide.mcu.externaltools.gnu-tools-for-stm32.12.3.rel1.win32_1.1.0.202410251130/tools/bin/../lib/gcc/arm-none-eabi/12.3.1/thumb/v7-m/nofp/crtend.o
LOAD C:/ST/STM32CubeIDE_1.17.0/STM32CubeIDE/plugins/com.st.stm32cube.ide.mcu.externaltools.gnu-tools-for-stm32.12.3.rel1.win32_1.1.0.202410251130/tools/bin/../lib/gcc/arm-none-eabi/12.3.1/thumb/v7-m/nofp/crtn.o
                0x20002800                        _estack = (ORIGIN (RAM) + LENGTH (RAM))
                0x00000200                        _Min_Heap_Size = 0x200
                0x00000400                        _Min_Stack_Size = 0x400

.isr_vector     0x08000000      0x10c
                0x08000000                        . = ALIGN (0x4)
 *(.isr_vector)
 .isr_vector    0x08000000      0x10c ./Core/Startup/startup_stm32f103c6tx.o
                0x08000000                g_pfnVectors
                0x0800010c                        . = ALIGN (0x4)

.text           0x08000110     0x6d04
                0x08000110                        . = ALIGN (0x4)
 *(.text)
 .text          0x08000110       0x40 C:/ST/STM32CubeIDE_1.17.0/STM32CubeIDE/plugins/com.st.stm32cube.ide.mcu.externaltools.gnu-tools-for-stm32.12.3.rel1.win32_1.1.0.202410251130/tools/bin/../lib/gcc/arm-none-eabi/12.3.1/thumb/v7-m/nofp/crtbegin.o
 .text          0x08000150      0x378 C:/ST/STM32CubeIDE_1.17.0/STM32CubeIDE/plugins/com.st.stm32cube.ide.mcu.externaltools.gnu-tools-for-stm32.12.3.rel1.win32_1.1.0.202410251130/tools/bin/../lib/gcc/arm-none-eabi/12.3.1/thumb/v7-m/nofp\libgcc.a(_arm_addsubdf3.o)
                0x08000150                __aeabi_drsub
                0x08000158                __aeabi_dsub
                0x08000158                __subdf3
                0x0800015c                __aeabi_dadd
                0x0800015c                __adddf3
                0x080003d4                __floatunsidf
                0x080003d4                __aeabi_ui2d
                0x080003f4                __floatsidf
                0x080003f4                __aeabi_i2d
                0x08000418                __aeabi_f2d
                0x08000418                __extendsfdf2
                0x0800045c                __floatundidf
                0x0800045c                __aeabi_ul2d
                0x0800046c                __floatdidf
                0x0800046c                __aeabi_l2d
 .text          0x080004c8      0x424 C:/ST/STM32CubeIDE_1.17.0/STM32CubeIDE/plugins/com.st.stm32cube.ide.mcu.externaltools.gnu-tools-for-stm32.12.3.rel1.win32_1.1.0.202410251130/tools/bin/../lib/gcc/arm-none-eabi/12.3.1/thumb/v7-m/nofp\libgcc.a(_arm_muldivdf3.o)
                0x080004c8                __aeabi_dmul
                0x080004c8                __muldf3
                0x0800071c                __divdf3
                0x0800071c                __aeabi_ddiv
 .text          0x080008ec      0x110 C:/ST/STM32CubeIDE_1.17.0/STM32CubeIDE/plugins/com.st.stm32cube.ide.mcu.externaltools.gnu-tools-for-stm32.12.3.rel1.win32_1.1.0.202410251130/tools/bin/../lib/gcc/arm-none-eabi/12.3.1/thumb/v7-m/nofp\libgcc.a(_arm_cmpdf2.o)
                0x080008ec                __gtdf2
                0x080008ec                __gedf2
                0x080008f4                __ltdf2
                0x080008f4                __ledf2
                0x080008fc                __nedf2
                0x080008fc                __eqdf2
                0x080008fc                __cmpdf2
                0x08000978                __aeabi_cdrcmple
                0x08000988                __aeabi_cdcmpeq
                0x08000988                __aeabi_cdcmple
                0x08000998                __aeabi_dcmpeq
                0x080009ac                __aeabi_dcmplt
                0x080009c0                __aeabi_dcmple
                0x080009d4                __aeabi_dcmpge
                0x080009e8                __aeabi_dcmpgt
 .text          0x080009fc       0x2c C:/ST/STM32CubeIDE_1.17.0/STM32CubeIDE/plugins/com.st.stm32cube.ide.mcu.externaltools.gnu-tools-for-stm32.12.3.rel1.win32_1.1.0.202410251130/tools/bin/../lib/gcc/arm-none-eabi/12.3.1/thumb/v7-m/nofp\libgcc.a(_arm_unorddf2.o)
                0x080009fc                __unorddf2
                0x080009fc                __aeabi_dcmpun
 .text          0x08000a28       0x50 C:/ST/STM32CubeIDE_1.17.0/STM32CubeIDE/plugins/com.st.stm32cube.ide.mcu.externaltools.gnu-tools-for-stm32.12.3.rel1.win32_1.1.0.202410251130/tools/bin/../lib/gcc/arm-none-eabi/12.3.1/thumb/v7-m/nofp\libgcc.a(_arm_fixdfsi.o)
                0x08000a28                __aeabi_d2iz
                0x08000a28                __fixdfsi
 .text          0x08000a78       0xa0 C:/ST/STM32CubeIDE_1.17.0/STM32CubeIDE/plugins/com.st.stm32cube.ide.mcu.externaltools.gnu-tools-for-stm32.12.3.rel1.win32_1.1.0.202410251130/tools/bin/../lib/gcc/arm-none-eabi/12.3.1/thumb/v7-m/nofp\libgcc.a(_arm_truncdfsf2.o)
                0x08000a78                __truncdfsf2
                0x08000a78                __aeabi_d2f
 .text          0x08000b18      0x21c C:/ST/STM32CubeIDE_1.17.0/STM32CubeIDE/plugins/com.st.stm32cube.ide.mcu.externaltools.gnu-tools-for-stm32.12.3.rel1.win32_1.1.0.202410251130/tools/bin/../lib/gcc/arm-none-eabi/12.3.1/thumb/v7-m/nofp\libgcc.a(_arm_addsubsf3.o)
                0x08000b18                __aeabi_frsub
                0x08000b20                __subsf3
                0x08000b20                __aeabi_fsub
                0x08000b24                __aeabi_fadd
                0x08000b24                __addsf3
                0x08000c84                __aeabi_ui2f
                0x08000c84                __floatunsisf
                0x08000c8c                __aeabi_i2f
                0x08000c8c                __floatsisf
                0x08000ca8                __aeabi_ul2f
                0x08000ca8                __floatundisf
                0x08000cb8                __aeabi_l2f
                0x08000cb8                __floatdisf
 .text          0x08000d34      0x2a0 C:/ST/STM32CubeIDE_1.17.0/STM32CubeIDE/plugins/com.st.stm32cube.ide.mcu.externaltools.gnu-tools-for-stm32.12.3.rel1.win32_1.1.0.202410251130/tools/bin/../lib/gcc/arm-none-eabi/12.3.1/thumb/v7-m/nofp\libgcc.a(_arm_muldivsf3.o)
                0x08000d34                __mulsf3
                0x08000d34                __aeabi_fmul
                0x08000e9c                __aeabi_fdiv
                0x08000e9c                __divsf3
 .text          0x08000fd4       0x4c C:/ST/STM32CubeIDE_1.17.0/STM32CubeIDE/plugins/com.st.stm32cube.ide.mcu.externaltools.gnu-tools-for-stm32.12.3.rel1.win32_1.1.0.202410251130/tools/bin/../lib/gcc/arm-none-eabi/12.3.1/thumb/v7-m/nofp\libgcc.a(_arm_fixsfsi.o)
                0x08000fd4                __aeabi_f2iz
                0x08000fd4                __fixsfsi
 .text          0x08001020       0xa0 C:/ST/STM32CubeIDE_1.17.0/STM32CubeIDE/plugins/com.st.stm32cube.ide.mcu.externaltools.gnu-tools-for-stm32.12.3.rel1.win32_1.1.0.202410251130/tools/bin/../lib/gcc/arm-none-eabi/12.3.1/thumb/v7-m/nofp\libgcc.a(_aeabi_ldivmod.o)
                0x08001020                __aeabi_ldivmod
 .text          0x080010c0      0x2b8 C:/ST/STM32CubeIDE_1.17.0/STM32CubeIDE/plugins/com.st.stm32cube.ide.mcu.externaltools.gnu-tools-for-stm32.12.3.rel1.win32_1.1.0.202410251130/tools/bin/../lib/gcc/arm-none-eabi/12.3.1/thumb/v7-m/nofp\libgcc.a(_udivmoddi4.o)
                0x080010c0                __udivmoddi4
 .text          0x08001378        0x4 C:/ST/STM32CubeIDE_1.17.0/STM32CubeIDE/plugins/com.st.stm32cube.ide.mcu.externaltools.gnu-tools-for-stm32.12.3.rel1.win32_1.1.0.202410251130/tools/bin/../lib/gcc/arm-none-eabi/12.3.1/thumb/v7-m/nofp\libgcc.a(_dvmd_tls.o)
                0x08001378                __aeabi_idiv0
                0x08001378                __aeabi_ldiv0
 *(.text*)
 .text.BMP280_Init
                0x0800137c       0xca ./Core/Src/bmp280.o
                0x0800137c                BMP280_Init
 .text.Read_Calibration_Data
                0x08001446      0x11c ./Core/Src/bmp280.o
                0x08001446                Read_Calibration_Data
 .text.BMP280_Config
                0x08001562       0x9c ./Core/Src/bmp280.o
                0x08001562                BMP280_Config
 .text.BMP280_Set_Filter
                0x080015fe       0x78 ./Core/Src/bmp280.o
                0x080015fe                BMP280_Set_Filter
 .text.BMP280_Set_Standby_Time
                0x08001676       0x78 ./Core/Src/bmp280.o
                0x08001676                BMP280_Set_Standby_Time
 .text.BMP280_Read_Raw_Data
                0x080016ee       0x6a ./Core/Src/bmp280.o
                0x080016ee                BMP280_Read_Raw_Data
 .text.BMP280_Compensate_Temperature
                0x08001758       0x84 ./Core/Src/bmp280.o
                0x08001758                BMP280_Compensate_Temperature
 .text.BMP280_Compensate_Pressure
                0x080017dc      0x5be ./Core/Src/bmp280.o
                0x080017dc                BMP280_Compensate_Pressure
 *fill*         0x08001d9a        0x6 
 .text.BMP280_Read_Data
                0x08001da0       0xe8 ./Core/Src/bmp280.o
                0x08001da0                BMP280_Read_Data
 .text.prv_parse_number
                0x08001e88       0x92 ./Core/Src/lwgps.o
 *fill*         0x08001f1a        0x2 
 .text.prv_parse_float_number
                0x08001f1c      0x150 ./Core/Src/lwgps.o
 .text.prv_parse_lat_long
                0x0800206c       0x98 ./Core/Src/lwgps.o
 .text.prv_parse_term
                0x08002104      0x530 ./Core/Src/lwgps.o
 .text.prv_check_crc
                0x08002634      0x114 ./Core/Src/lwgps.o
 .text.prv_copy_from_tmp_memory
                0x08002748      0x14e ./Core/Src/lwgps.o
 .text.lwgps_init
                0x08002896       0x1c ./Core/Src/lwgps.o
                0x08002896                lwgps_init
 .text.lwgps_process
                0x080028b2      0x180 ./Core/Src/lwgps.o
                0x080028b2                lwgps_process
 *fill*         0x08002a32        0x2 
 .text.sendFloatAsBytes
                0x08002a34       0x28 ./Core/Src/main.o
                0x08002a34                sendFloatAsBytes
 .text.sendBmpData
                0x08002a5c       0x26 ./Core/Src/main.o
                0x08002a5c                sendBmpData
 *fill*         0x08002a82        0x2 
 .text.HAL_UART_RxCpltCallback
                0x08002a84       0x80 ./Core/Src/main.o
                0x08002a84                HAL_UART_RxCpltCallback
 .text.main     0x08002b04       0x90 ./Core/Src/main.o
                0x08002b04                main
 .text.SystemClock_Config
                0x08002b94       0x76 ./Core/Src/main.o
                0x08002b94                SystemClock_Config
 *fill*         0x08002c0a        0x2 
 .text.MX_I2C1_Init
                0x08002c0c       0x5c ./Core/Src/main.o
 .text.MX_USART1_UART_Init
                0x08002c68       0x54 ./Core/Src/main.o
 .text.MX_USART2_UART_Init
                0x08002cbc       0x54 ./Core/Src/main.o
 .text.MX_GPIO_Init
                0x08002d10       0x98 ./Core/Src/main.o
 .text.Error_Handler
                0x08002da8        0xc ./Core/Src/main.o
                0x08002da8                Error_Handler
 .text.MPU9250_Init
                0x08002db4       0x9c ./Core/Src/mpu9250.o
                0x08002db4                MPU9250_Init
 .text.AK8963_Init
                0x08002e50       0xb6 ./Core/Src/mpu9250.o
 *fill*         0x08002f06        0x2 
 .text.HAL_MspInit
                0x08002f08       0x64 ./Core/Src/stm32f1xx_hal_msp.o
                0x08002f08                HAL_MspInit
 .text.HAL_I2C_MspInit
                0x08002f6c       0x80 ./Core/Src/stm32f1xx_hal_msp.o
                0x08002f6c                HAL_I2C_MspInit
 .text.HAL_UART_MspInit
                0x08002fec      0x118 ./Core/Src/stm32f1xx_hal_msp.o
                0x08002fec                HAL_UART_MspInit
 .text.NMI_Handler
                0x08003104        0x8 ./Core/Src/stm32f1xx_it.o
                0x08003104                NMI_Handler
 .text.HardFault_Handler
                0x0800310c        0x8 ./Core/Src/stm32f1xx_it.o
                0x0800310c                HardFault_Handler
 .text.MemManage_Handler
                0x08003114        0x8 ./Core/Src/stm32f1xx_it.o
                0x08003114                MemManage_Handler
 .text.BusFault_Handler
                0x0800311c        0x8 ./Core/Src/stm32f1xx_it.o
                0x0800311c                BusFault_Handler
 .text.UsageFault_Handler
                0x08003124        0x8 ./Core/Src/stm32f1xx_it.o
                0x08003124                UsageFault_Handler
 .text.SVC_Handler
                0x0800312c        0xc ./Core/Src/stm32f1xx_it.o
                0x0800312c                SVC_Handler
 .text.DebugMon_Handler
                0x08003138        0xc ./Core/Src/stm32f1xx_it.o
                0x08003138                DebugMon_Handler
 .text.PendSV_Handler
                0x08003144        0xc ./Core/Src/stm32f1xx_it.o
                0x08003144                PendSV_Handler
 .text.SysTick_Handler
                0x08003150        0xc ./Core/Src/stm32f1xx_it.o
                0x08003150                SysTick_Handler
 .text.USART2_IRQHandler
                0x0800315c       0x14 ./Core/Src/stm32f1xx_it.o
                0x0800315c                USART2_IRQHandler
 .text.SystemInit
                0x08003170        0xc ./Core/Src/system_stm32f1xx.o
                0x08003170                SystemInit
 .text.Reset_Handler
                0x0800317c       0x48 ./Core/Startup/startup_stm32f103c6tx.o
                0x0800317c                Reset_Handler
 .text.Default_Handler
                0x080031c4        0x2 ./Core/Startup/startup_stm32f103c6tx.o
                0x080031c4                RTC_Alarm_IRQHandler
                0x080031c4                EXTI2_IRQHandler
                0x080031c4                TIM1_CC_IRQHandler
                0x080031c4                PVD_IRQHandler
                0x080031c4                EXTI3_IRQHandler
                0x080031c4                EXTI0_IRQHandler
                0x080031c4                ADC1_2_IRQHandler
                0x080031c4                SPI1_IRQHandler
                0x080031c4                TAMPER_IRQHandler
                0x080031c4                DMA1_Channel4_IRQHandler
                0x080031c4                RTC_IRQHandler
                0x080031c4                DMA1_Channel7_IRQHandler
                0x080031c4                CAN1_RX1_IRQHandler
                0x080031c4                I2C1_EV_IRQHandler
                0x080031c4                DMA1_Channel6_IRQHandler
                0x080031c4                TIM3_IRQHandler
                0x080031c4                RCC_IRQHandler
                0x080031c4                TIM1_TRG_COM_IRQHandler
                0x080031c4                DMA1_Channel1_IRQHandler
                0x080031c4                Default_Handler
                0x080031c4                EXTI15_10_IRQHandler
                0x080031c4                EXTI9_5_IRQHandler
                0x080031c4                DMA1_Channel5_IRQHandler
                0x080031c4                EXTI4_IRQHandler
                0x080031c4                USB_LP_CAN1_RX0_IRQHandler
                0x080031c4                USB_HP_CAN1_TX_IRQHandler
                0x080031c4                DMA1_Channel3_IRQHandler
                0x080031c4                TIM1_UP_IRQHandler
                0x080031c4                WWDG_IRQHandler
                0x080031c4                TIM2_IRQHandler
                0x080031c4                TIM1_BRK_IRQHandler
                0x080031c4                EXTI1_IRQHandler
                0x080031c4                DMA1_Channel2_IRQHandler
                0x080031c4                CAN1_SCE_IRQHandler
                0x080031c4                FLASH_IRQHandler
                0x080031c4                USART1_IRQHandler
                0x080031c4                I2C1_ER_IRQHandler
                0x080031c4                USBWakeUp_IRQHandler
 *fill*         0x080031c6        0x2 
 .text.HAL_Init
                0x080031c8       0x2c ./Drivers/STM32F1xx_HAL_Driver/Src/stm32f1xx_hal.o
                0x080031c8                HAL_Init
 .text.HAL_InitTick
                0x080031f4       0x60 ./Drivers/STM32F1xx_HAL_Driver/Src/stm32f1xx_hal.o
                0x080031f4                HAL_InitTick
 .text.HAL_IncTick
                0x08003254       0x24 ./Drivers/STM32F1xx_HAL_Driver/Src/stm32f1xx_hal.o
                0x08003254                HAL_IncTick
 .text.HAL_GetTick
                0x08003278       0x14 ./Drivers/STM32F1xx_HAL_Driver/Src/stm32f1xx_hal.o
                0x08003278                HAL_GetTick
 .text.HAL_Delay
                0x0800328c       0x48 ./Drivers/STM32F1xx_HAL_Driver/Src/stm32f1xx_hal.o
                0x0800328c                HAL_Delay
 .text.__NVIC_SetPriorityGrouping
                0x080032d4       0x48 ./Drivers/STM32F1xx_HAL_Driver/Src/stm32f1xx_hal_cortex.o
 .text.__NVIC_GetPriorityGrouping
                0x0800331c       0x1c ./Drivers/STM32F1xx_HAL_Driver/Src/stm32f1xx_hal_cortex.o
 .text.__NVIC_EnableIRQ
                0x08003338       0x38 ./Drivers/STM32F1xx_HAL_Driver/Src/stm32f1xx_hal_cortex.o
 .text.__NVIC_SetPriority
                0x08003370       0x54 ./Drivers/STM32F1xx_HAL_Driver/Src/stm32f1xx_hal_cortex.o
 .text.NVIC_EncodePriority
                0x080033c4       0x64 ./Drivers/STM32F1xx_HAL_Driver/Src/stm32f1xx_hal_cortex.o
 .text.SysTick_Config
                0x08003428       0x44 ./Drivers/STM32F1xx_HAL_Driver/Src/stm32f1xx_hal_cortex.o
 .text.HAL_NVIC_SetPriorityGrouping
                0x0800346c       0x16 ./Drivers/STM32F1xx_HAL_Driver/Src/stm32f1xx_hal_cortex.o
                0x0800346c                HAL_NVIC_SetPriorityGrouping
 .text.HAL_NVIC_SetPriority
                0x08003482       0x38 ./Drivers/STM32F1xx_HAL_Driver/Src/stm32f1xx_hal_cortex.o
                0x08003482                HAL_NVIC_SetPriority
 .text.HAL_NVIC_EnableIRQ
                0x080034ba       0x1c ./Drivers/STM32F1xx_HAL_Driver/Src/stm32f1xx_hal_cortex.o
                0x080034ba                HAL_NVIC_EnableIRQ
 .text.HAL_SYSTICK_Config
                0x080034d6       0x18 ./Drivers/STM32F1xx_HAL_Driver/Src/stm32f1xx_hal_cortex.o
                0x080034d6                HAL_SYSTICK_Config
 .text.HAL_DMA_Abort
                0x080034ee       0x76 ./Drivers/STM32F1xx_HAL_Driver/Src/stm32f1xx_hal_dma.o
                0x080034ee                HAL_DMA_Abort
 .text.HAL_DMA_Abort_IT
                0x08003564       0xf0 ./Drivers/STM32F1xx_HAL_Driver/Src/stm32f1xx_hal_dma.o
                0x08003564                HAL_DMA_Abort_IT
 .text.HAL_GPIO_Init
                0x08003654      0x2f8 ./Drivers/STM32F1xx_HAL_Driver/Src/stm32f1xx_hal_gpio.o
                0x08003654                HAL_GPIO_Init
 .text.HAL_GPIO_WritePin
                0x0800394c       0x30 ./Drivers/STM32F1xx_HAL_Driver/Src/stm32f1xx_hal_gpio.o
                0x0800394c                HAL_GPIO_WritePin
 .text.HAL_I2C_Init
                0x0800397c      0x288 ./Drivers/STM32F1xx_HAL_Driver/Src/stm32f1xx_hal_i2c.o
                0x0800397c                HAL_I2C_Init
 .text.HAL_I2C_Mem_Write
                0x08003c04      0x1f4 ./Drivers/STM32F1xx_HAL_Driver/Src/stm32f1xx_hal_i2c.o
                0x08003c04                HAL_I2C_Mem_Write
 .text.HAL_I2C_Mem_Read
                0x08003df8      0x4e8 ./Drivers/STM32F1xx_HAL_Driver/Src/stm32f1xx_hal_i2c.o
                0x08003df8                HAL_I2C_Mem_Read
 .text.I2C_RequestMemoryWrite
                0x080042e0      0x12c ./Drivers/STM32F1xx_HAL_Driver/Src/stm32f1xx_hal_i2c.o
 .text.I2C_RequestMemoryRead
                0x0800440c      0x1d0 ./Drivers/STM32F1xx_HAL_Driver/Src/stm32f1xx_hal_i2c.o
 .text.I2C_WaitOnFlagUntilTimeout
                0x080045dc       0xf4 ./Drivers/STM32F1xx_HAL_Driver/Src/stm32f1xx_hal_i2c.o
 .text.I2C_WaitOnMasterAddressFlagUntilTimeout
                0x080046d0      0x140 ./Drivers/STM32F1xx_HAL_Driver/Src/stm32f1xx_hal_i2c.o
 .text.I2C_WaitOnTXEFlagUntilTimeout
                0x08004810       0x90 ./Drivers/STM32F1xx_HAL_Driver/Src/stm32f1xx_hal_i2c.o
 .text.I2C_WaitOnBTFFlagUntilTimeout
                0x080048a0       0x90 ./Drivers/STM32F1xx_HAL_Driver/Src/stm32f1xx_hal_i2c.o
 .text.I2C_WaitOnRXNEFlagUntilTimeout
                0x08004930       0xba ./Drivers/STM32F1xx_HAL_Driver/Src/stm32f1xx_hal_i2c.o
 .text.I2C_IsAcknowledgeFailed
                0x080049ea       0x5c ./Drivers/STM32F1xx_HAL_Driver/Src/stm32f1xx_hal_i2c.o
 *fill*         0x08004a46        0x2 
 .text.HAL_RCC_OscConfig
                0x08004a48      0x504 ./Drivers/STM32F1xx_HAL_Driver/Src/stm32f1xx_hal_rcc.o
                0x08004a48                HAL_RCC_OscConfig
 .text.HAL_RCC_ClockConfig
                0x08004f4c      0x1d4 ./Drivers/STM32F1xx_HAL_Driver/Src/stm32f1xx_hal_rcc.o
                0x08004f4c                HAL_RCC_ClockConfig
 .text.HAL_RCC_GetSysClockFreq
                0x08005120       0xa8 ./Drivers/STM32F1xx_HAL_Driver/Src/stm32f1xx_hal_rcc.o
                0x08005120                HAL_RCC_GetSysClockFreq
 .text.HAL_RCC_GetHCLKFreq
                0x080051c8       0x14 ./Drivers/STM32F1xx_HAL_Driver/Src/stm32f1xx_hal_rcc.o
                0x080051c8                HAL_RCC_GetHCLKFreq
 .text.HAL_RCC_GetPCLK1Freq
                0x080051dc       0x28 ./Drivers/STM32F1xx_HAL_Driver/Src/stm32f1xx_hal_rcc.o
                0x080051dc                HAL_RCC_GetPCLK1Freq
 .text.HAL_RCC_GetPCLK2Freq
                0x08005204       0x28 ./Drivers/STM32F1xx_HAL_Driver/Src/stm32f1xx_hal_rcc.o
                0x08005204                HAL_RCC_GetPCLK2Freq
 .text.RCC_Delay
                0x0800522c       0x3c ./Drivers/STM32F1xx_HAL_Driver/Src/stm32f1xx_hal_rcc.o
 .text.HAL_UART_Init
                0x08005268       0xa0 ./Drivers/STM32F1xx_HAL_Driver/Src/stm32f1xx_hal_uart.o
                0x08005268                HAL_UART_Init
 .text.HAL_UART_Transmit
                0x08005308      0x116 ./Drivers/STM32F1xx_HAL_Driver/Src/stm32f1xx_hal_uart.o
                0x08005308                HAL_UART_Transmit
 .text.HAL_UART_Receive_IT
                0x0800541e       0x4a ./Drivers/STM32F1xx_HAL_Driver/Src/stm32f1xx_hal_uart.o
                0x0800541e                HAL_UART_Receive_IT
 .text.HAL_UART_IRQHandler
                0x08005468      0x524 ./Drivers/STM32F1xx_HAL_Driver/Src/stm32f1xx_hal_uart.o
                0x08005468                HAL_UART_IRQHandler
 .text.HAL_UART_TxCpltCallback
                0x0800598c       0x12 ./Drivers/STM32F1xx_HAL_Driver/Src/stm32f1xx_hal_uart.o
                0x0800598c                HAL_UART_TxCpltCallback
 .text.HAL_UART_ErrorCallback
                0x0800599e       0x12 ./Drivers/STM32F1xx_HAL_Driver/Src/stm32f1xx_hal_uart.o
                0x0800599e                HAL_UART_ErrorCallback
 .text.HAL_UARTEx_RxEventCallback
                0x080059b0       0x16 ./Drivers/STM32F1xx_HAL_Driver/Src/stm32f1xx_hal_uart.o
                0x080059b0                HAL_UARTEx_RxEventCallback
 .text.UART_WaitOnFlagUntilTimeout
                0x080059c6       0xb2 ./Drivers/STM32F1xx_HAL_Driver/Src/stm32f1xx_hal_uart.o
 .text.UART_Start_Receive_IT
                0x08005a78       0x72 ./Drivers/STM32F1xx_HAL_Driver/Src/stm32f1xx_hal_uart.o
                0x08005a78                UART_Start_Receive_IT
 .text.UART_EndRxTransfer
                0x08005aea       0xc4 ./Drivers/STM32F1xx_HAL_Driver/Src/stm32f1xx_hal_uart.o
 .text.UART_DMAAbortOnError
                0x08005bae       0x28 ./Drivers/STM32F1xx_HAL_Driver/Src/stm32f1xx_hal_uart.o
 .text.UART_Transmit_IT
                0x08005bd6       0x9e ./Drivers/STM32F1xx_HAL_Driver/Src/stm32f1xx_hal_uart.o
 .text.UART_EndTransmit_IT
                0x08005c74       0x30 ./Drivers/STM32F1xx_HAL_Driver/Src/stm32f1xx_hal_uart.o
 .text.UART_Receive_IT
                0x08005ca4      0x17c ./Drivers/STM32F1xx_HAL_Driver/Src/stm32f1xx_hal_uart.o
 .text.UART_SetConfig
                0x08005e20      0x11c ./Drivers/STM32F1xx_HAL_Driver/Src/stm32f1xx_hal_uart.o
 .text.memset   0x08005f3c       0x10 C:/ST/STM32CubeIDE_1.17.0/STM32CubeIDE/plugins/com.st.stm32cube.ide.mcu.externaltools.gnu-tools-for-stm32.12.3.rel1.win32_1.1.0.202410251130/tools/bin/../lib/gcc/arm-none-eabi/12.3.1/../../../../arm-none-eabi/lib/thumb/v7-m/nofp\libc_nano.a(libc_a-memset.o)
                0x08005f3c                memset
 .text.strncmp  0x08005f4c       0x24 C:/ST/STM32CubeIDE_1.17.0/STM32CubeIDE/plugins/com.st.stm32cube.ide.mcu.externaltools.gnu-tools-for-stm32.12.3.rel1.win32_1.1.0.202410251130/tools/bin/../lib/gcc/arm-none-eabi/12.3.1/../../../../arm-none-eabi/lib/thumb/v7-m/nofp\libc_nano.a(libc_a-strncmp.o)
                0x08005f4c                strncmp
 .text.__errno  0x08005f70        0xc C:/ST/STM32CubeIDE_1.17.0/STM32CubeIDE/plugins/com.st.stm32cube.ide.mcu.externaltools.gnu-tools-for-stm32.12.3.rel1.win32_1.1.0.202410251130/tools/bin/../lib/gcc/arm-none-eabi/12.3.1/../../../../arm-none-eabi/lib/thumb/v7-m/nofp\libc_nano.a(libc_a-errno.o)
                0x08005f70                __errno
 .text.__libc_init_array
                0x08005f7c       0x48 C:/ST/STM32CubeIDE_1.17.0/STM32CubeIDE/plugins/com.st.stm32cube.ide.mcu.externaltools.gnu-tools-for-stm32.12.3.rel1.win32_1.1.0.202410251130/tools/bin/../lib/gcc/arm-none-eabi/12.3.1/../../../../arm-none-eabi/lib/thumb/v7-m/nofp\libc_nano.a(libc_a-init.o)
                0x08005f7c                __libc_init_array
 .text.memcpy   0x08005fc4       0x1c C:/ST/STM32CubeIDE_1.17.0/STM32CubeIDE/plugins/com.st.stm32cube.ide.mcu.externaltools.gnu-tools-for-stm32.12.3.rel1.win32_1.1.0.202410251130/tools/bin/../lib/gcc/arm-none-eabi/12.3.1/../../../../arm-none-eabi/lib/thumb/v7-m/nofp\libc_nano.a(libc_a-memcpy-stub.o)
                0x08005fc4                memcpy
 .text.pow      0x08005fe0       0xd0 C:/ST/STM32CubeIDE_1.17.0/STM32CubeIDE/plugins/com.st.stm32cube.ide.mcu.externaltools.gnu-tools-for-stm32.12.3.rel1.win32_1.1.0.202410251130/tools/bin/../lib/gcc/arm-none-eabi/12.3.1/../../../../arm-none-eabi/lib/thumb/v7-m/nofp\libm.a(libm_a-w_pow.o)
                0x08005fe0                pow
 .text.finite   0x080060b0        0xc C:/ST/STM32CubeIDE_1.17.0/STM32CubeIDE/plugins/com.st.stm32cube.ide.mcu.externaltools.gnu-tools-for-stm32.12.3.rel1.win32_1.1.0.202410251130/tools/bin/../lib/gcc/arm-none-eabi/12.3.1/../../../../arm-none-eabi/lib/thumb/v7-m/nofp\libm.a(libm_a-s_finite.o)
                0x080060b0                finite
 .text.__ieee754_sqrt
                0x080060bc      0x1ac C:/ST/STM32CubeIDE_1.17.0/STM32CubeIDE/plugins/com.st.stm32cube.ide.mcu.externaltools.gnu-tools-for-stm32.12.3.rel1.win32_1.1.0.202410251130/tools/bin/../lib/gcc/arm-none-eabi/12.3.1/../../../../arm-none-eabi/lib/thumb/v7-m/nofp\libm.a(libm_a-e_sqrt.o)
                0x080060bc                __ieee754_sqrt
 .text.__ieee754_pow
                0x08006268      0xa50 C:/ST/STM32CubeIDE_1.17.0/STM32CubeIDE/plugins/com.st.stm32cube.ide.mcu.externaltools.gnu-tools-for-stm32.12.3.rel1.win32_1.1.0.202410251130/tools/bin/../lib/gcc/arm-none-eabi/12.3.1/../../../../arm-none-eabi/lib/thumb/v7-m/nofp\libm.a(libm_a-e_pow.o)
                0x08006268                __ieee754_pow
 .text.fabs     0x08006cb8        0x8 C:/ST/STM32CubeIDE_1.17.0/STM32CubeIDE/plugins/com.st.stm32cube.ide.mcu.externaltools.gnu-tools-for-stm32.12.3.rel1.win32_1.1.0.202410251130/tools/bin/../lib/gcc/arm-none-eabi/12.3.1/../../../../arm-none-eabi/lib/thumb/v7-m/nofp\libm.a(libm_a-s_fabs.o)
                0x08006cb8                fabs
 .text.scalbn   0x08006cc0       0xec C:/ST/STM32CubeIDE_1.17.0/STM32CubeIDE/plugins/com.st.stm32cube.ide.mcu.externaltools.gnu-tools-for-stm32.12.3.rel1.win32_1.1.0.202410251130/tools/bin/../lib/gcc/arm-none-eabi/12.3.1/../../../../arm-none-eabi/lib/thumb/v7-m/nofp\libm.a(libm_a-s_scalbn.o)
                0x08006cc0                scalbn
 .text.with_errno
                0x08006dac       0x14 C:/ST/STM32CubeIDE_1.17.0/STM32CubeIDE/plugins/com.st.stm32cube.ide.mcu.externaltools.gnu-tools-for-stm32.12.3.rel1.win32_1.1.0.202410251130/tools/bin/../lib/gcc/arm-none-eabi/12.3.1/../../../../arm-none-eabi/lib/thumb/v7-m/nofp\libm.a(libm_a-math_err.o)
 .text.xflow    0x08006dc0       0x26 C:/ST/STM32CubeIDE_1.17.0/STM32CubeIDE/plugins/com.st.stm32cube.ide.mcu.externaltools.gnu-tools-for-stm32.12.3.rel1.win32_1.1.0.202410251130/tools/bin/../lib/gcc/arm-none-eabi/12.3.1/../../../../arm-none-eabi/lib/thumb/v7-m/nofp\libm.a(libm_a-math_err.o)
 .text.__math_uflow
                0x08006de6        0xa C:/ST/STM32CubeIDE_1.17.0/STM32CubeIDE/plugins/com.st.stm32cube.ide.mcu.externaltools.gnu-tools-for-stm32.12.3.rel1.win32_1.1.0.202410251130/tools/bin/../lib/gcc/arm-none-eabi/12.3.1/../../../../arm-none-eabi/lib/thumb/v7-m/nofp\libm.a(libm_a-math_err.o)
                0x08006de6                __math_uflow
 .text.__math_oflow
                0x08006df0        0xa C:/ST/STM32CubeIDE_1.17.0/STM32CubeIDE/plugins/com.st.stm32cube.ide.mcu.externaltools.gnu-tools-for-stm32.12.3.rel1.win32_1.1.0.202410251130/tools/bin/../lib/gcc/arm-none-eabi/12.3.1/../../../../arm-none-eabi/lib/thumb/v7-m/nofp\libm.a(libm_a-math_err.o)
                0x08006df0                __math_oflow
 *(.glue_7)
 .glue_7        0x08006dfa        0x0 linker stubs
 *(.glue_7t)
 .glue_7t       0x08006dfa        0x0 linker stubs
 *(.eh_frame)
 *fill*         0x08006dfa        0x2 
 .eh_frame      0x08006dfc        0x0 C:/ST/STM32CubeIDE_1.17.0/STM32CubeIDE/plugins/com.st.stm32cube.ide.mcu.externaltools.gnu-tools-for-stm32.12.3.rel1.win32_1.1.0.202410251130/tools/bin/../lib/gcc/arm-none-eabi/12.3.1/thumb/v7-m/nofp/crtbegin.o
 *(.init)
 .init          0x08006dfc        0x4 C:/ST/STM32CubeIDE_1.17.0/STM32CubeIDE/plugins/com.st.stm32cube.ide.mcu.externaltools.gnu-tools-for-stm32.12.3.rel1.win32_1.1.0.202410251130/tools/bin/../lib/gcc/arm-none-eabi/12.3.1/thumb/v7-m/nofp/crti.o
                0x08006dfc                _init
 .init          0x08006e00        0x8 C:/ST/STM32CubeIDE_1.17.0/STM32CubeIDE/plugins/com.st.stm32cube.ide.mcu.externaltools.gnu-tools-for-stm32.12.3.rel1.win32_1.1.0.202410251130/tools/bin/../lib/gcc/arm-none-eabi/12.3.1/thumb/v7-m/nofp/crtn.o
 *(.fini)
 .fini          0x08006e08        0x4 C:/ST/STM32CubeIDE_1.17.0/STM32CubeIDE/plugins/com.st.stm32cube.ide.mcu.externaltools.gnu-tools-for-stm32.12.3.rel1.win32_1.1.0.202410251130/tools/bin/../lib/gcc/arm-none-eabi/12.3.1/thumb/v7-m/nofp/crti.o
                0x08006e08                _fini
 .fini          0x08006e0c        0x8 C:/ST/STM32CubeIDE_1.17.0/STM32CubeIDE/plugins/com.st.stm32cube.ide.mcu.externaltools.gnu-tools-for-stm32.12.3.rel1.win32_1.1.0.202410251130/tools/bin/../lib/gcc/arm-none-eabi/12.3.1/thumb/v7-m/nofp/crtn.o
                0x08006e14                        . = ALIGN (0x4)
                0x08006e14                        _etext = .

.vfp11_veneer   0x08006e14        0x0
 .vfp11_veneer  0x08006e14        0x0 linker stubs

.v4_bx          0x08006e14        0x0
 .v4_bx         0x08006e14        0x0 linker stubs

.iplt           0x08006e14        0x0
 .iplt          0x08006e14        0x0 C:/ST/STM32CubeIDE_1.17.0/STM32CubeIDE/plugins/com.st.stm32cube.ide.mcu.externaltools.gnu-tools-for-stm32.12.3.rel1.win32_1.1.0.202410251130/tools/bin/../lib/gcc/arm-none-eabi/12.3.1/thumb/v7-m/nofp/crtbegin.o

.rodata         0x08006e18       0xa0
                0x08006e18                        . = ALIGN (0x4)
 *(.rodata)
 .rodata        0x08006e18       0x3f ./Core/Src/lwgps.o
 *(.rodata*)
 *fill*         0x08006e57        0x1 
 .rodata.AHBPrescTable
                0x08006e58       0x10 ./Core/Src/system_stm32f1xx.o
                0x08006e58                AHBPrescTable
 .rodata.APBPrescTable
                0x08006e68        0x8 ./Core/Src/system_stm32f1xx.o
                0x08006e68                APBPrescTable
 .rodata.aPLLMULFactorTable.1
                0x08006e70       0x10 ./Drivers/STM32F1xx_HAL_Driver/Src/stm32f1xx_hal_rcc.o
 .rodata.aPredivFactorTable.0
                0x08006e80        0x2 ./Drivers/STM32F1xx_HAL_Driver/Src/stm32f1xx_hal_rcc.o
 *fill*         0x08006e82        0x6 
 .rodata.dp_l   0x08006e88       0x10 C:/ST/STM32CubeIDE_1.17.0/STM32CubeIDE/plugins/com.st.stm32cube.ide.mcu.externaltools.gnu-tools-for-stm32.12.3.rel1.win32_1.1.0.202410251130/tools/bin/../lib/gcc/arm-none-eabi/12.3.1/../../../../arm-none-eabi/lib/thumb/v7-m/nofp\libm.a(libm_a-e_pow.o)
 .rodata.dp_h   0x08006e98       0x10 C:/ST/STM32CubeIDE_1.17.0/STM32CubeIDE/plugins/com.st.stm32cube.ide.mcu.externaltools.gnu-tools-for-stm32.12.3.rel1.win32_1.1.0.202410251130/tools/bin/../lib/gcc/arm-none-eabi/12.3.1/../../../../arm-none-eabi/lib/thumb/v7-m/nofp\libm.a(libm_a-e_pow.o)
 .rodata.bp     0x08006ea8       0x10 C:/ST/STM32CubeIDE_1.17.0/STM32CubeIDE/plugins/com.st.stm32cube.ide.mcu.externaltools.gnu-tools-for-stm32.12.3.rel1.win32_1.1.0.202410251130/tools/bin/../lib/gcc/arm-none-eabi/12.3.1/../../../../arm-none-eabi/lib/thumb/v7-m/nofp\libm.a(libm_a-e_pow.o)
                0x08006eb8                        . = ALIGN (0x4)

.ARM.extab      0x08006eb8        0x0
                0x08006eb8                        . = ALIGN (0x4)
 *(.ARM.extab* .gnu.linkonce.armextab.*)
                0x08006eb8                        . = ALIGN (0x4)

.ARM            0x08006eb8        0x8
                0x08006eb8                        . = ALIGN (0x4)
                0x08006eb8                        __exidx_start = .
 *(.ARM.exidx*)
 .ARM.exidx     0x08006eb8        0x8 C:/ST/STM32CubeIDE_1.17.0/STM32CubeIDE/plugins/com.st.stm32cube.ide.mcu.externaltools.gnu-tools-for-stm32.12.3.rel1.win32_1.1.0.202410251130/tools/bin/../lib/gcc/arm-none-eabi/12.3.1/thumb/v7-m/nofp\libgcc.a(_udivmoddi4.o)
                0x08006ec0                        __exidx_end = .
                0x08006ec0                        . = ALIGN (0x4)

.preinit_array  0x08006ec0        0x0
                0x08006ec0                        . = ALIGN (0x4)
                0x08006ec0                        PROVIDE (__preinit_array_start = .)
 *(.preinit_array*)
                0x08006ec0                        PROVIDE (__preinit_array_end = .)
                0x08006ec0                        . = ALIGN (0x4)

.init_array     0x08006ec0        0x4
                0x08006ec0                        . = ALIGN (0x4)
                0x08006ec0                        PROVIDE (__init_array_start = .)
 *(SORT_BY_NAME(.init_array.*))
 *(.init_array*)
 .init_array    0x08006ec0        0x4 C:/ST/STM32CubeIDE_1.17.0/STM32CubeIDE/plugins/com.st.stm32cube.ide.mcu.externaltools.gnu-tools-for-stm32.12.3.rel1.win32_1.1.0.202410251130/tools/bin/../lib/gcc/arm-none-eabi/12.3.1/thumb/v7-m/nofp/crtbegin.o
                0x08006ec4                        PROVIDE (__init_array_end = .)
                0x08006ec4                        . = ALIGN (0x4)

.fini_array     0x08006ec4        0x4
                0x08006ec4                        . = ALIGN (0x4)
                [!provide]                        PROVIDE (__fini_array_start = .)
 *(SORT_BY_NAME(.fini_array.*))
 *(.fini_array*)
 .fini_array    0x08006ec4        0x4 C:/ST/STM32CubeIDE_1.17.0/STM32CubeIDE/plugins/com.st.stm32cube.ide.mcu.externaltools.gnu-tools-for-stm32.12.3.rel1.win32_1.1.0.202410251130/tools/bin/../lib/gcc/arm-none-eabi/12.3.1/thumb/v7-m/nofp/crtbegin.o
                [!provide]                        PROVIDE (__fini_array_end = .)
                0x08006ec8                        . = ALIGN (0x4)
                0x08006ec8                        _sidata = LOADADDR (.data)

.rel.dyn        0x08006ec8        0x0
 .rel.iplt      0x08006ec8        0x0 C:/ST/STM32CubeIDE_1.17.0/STM32CubeIDE/plugins/com.st.stm32cube.ide.mcu.externaltools.gnu-tools-for-stm32.12.3.rel1.win32_1.1.0.202410251130/tools/bin/../lib/gcc/arm-none-eabi/12.3.1/thumb/v7-m/nofp/crtbegin.o

.data           0x20000000       0x70 load address 0x08006ec8
                0x20000000                        . = ALIGN (0x4)
                0x20000000                        _sdata = .
 *(.data)
 *(.data*)
 .data.SystemCoreClock
                0x20000000        0x4 ./Core/Src/system_stm32f1xx.o
                0x20000000                SystemCoreClock
 .data.uwTickPrio
                0x20000004        0x4 ./Drivers/STM32F1xx_HAL_Driver/Src/stm32f1xx_hal.o
                0x20000004                uwTickPrio
 .data.uwTickFreq
                0x20000008        0x1 ./Drivers/STM32F1xx_HAL_Driver/Src/stm32f1xx_hal.o
                0x20000008                uwTickFreq
 *fill*         0x20000009        0x3 
 .data._impure_ptr
                0x2000000c        0x4 C:/ST/STM32CubeIDE_1.17.0/STM32CubeIDE/plugins/com.st.stm32cube.ide.mcu.externaltools.gnu-tools-for-stm32.12.3.rel1.win32_1.1.0.202410251130/tools/bin/../lib/gcc/arm-none-eabi/12.3.1/../../../../arm-none-eabi/lib/thumb/v7-m/nofp\libc_nano.a(libc_a-impure.o)
                0x2000000c                _impure_ptr
 .data._impure_data
                0x20000010       0x4c C:/ST/STM32CubeIDE_1.17.0/STM32CubeIDE/plugins/com.st.stm32cube.ide.mcu.externaltools.gnu-tools-for-stm32.12.3.rel1.win32_1.1.0.202410251130/tools/bin/../lib/gcc/arm-none-eabi/12.3.1/../../../../arm-none-eabi/lib/thumb/v7-m/nofp\libc_nano.a(libc_a-impure.o)
                0x20000010                _impure_data
 *fill*         0x2000005c        0x4 
 .data.tiny     0x20000060        0x8 C:/ST/STM32CubeIDE_1.17.0/STM32CubeIDE/plugins/com.st.stm32cube.ide.mcu.externaltools.gnu-tools-for-stm32.12.3.rel1.win32_1.1.0.202410251130/tools/bin/../lib/gcc/arm-none-eabi/12.3.1/../../../../arm-none-eabi/lib/thumb/v7-m/nofp\libm.a(libm_a-e_sqrt.o)
 .data.one      0x20000068        0x8 C:/ST/STM32CubeIDE_1.17.0/STM32CubeIDE/plugins/com.st.stm32cube.ide.mcu.externaltools.gnu-tools-for-stm32.12.3.rel1.win32_1.1.0.202410251130/tools/bin/../lib/gcc/arm-none-eabi/12.3.1/../../../../arm-none-eabi/lib/thumb/v7-m/nofp\libm.a(libm_a-e_sqrt.o)
 *(.RamFunc)
 *(.RamFunc*)
                0x20000070                        . = ALIGN (0x4)
                0x20000070                        _edata = .

.igot.plt       0x20000070        0x0 load address 0x08006f38
 .igot.plt      0x20000070        0x0 C:/ST/STM32CubeIDE_1.17.0/STM32CubeIDE/plugins/com.st.stm32cube.ide.mcu.externaltools.gnu-tools-for-stm32.12.3.rel1.win32_1.1.0.202410251130/tools/bin/../lib/gcc/arm-none-eabi/12.3.1/thumb/v7-m/nofp/crtbegin.o
                0x20000070                        . = ALIGN (0x4)

.bss            0x20000070      0x370 load address 0x08006f38
                0x20000070                        _sbss = .
                0x20000070                        __bss_start__ = _sbss
 *(.bss)
 .bss           0x20000070       0x1c C:/ST/STM32CubeIDE_1.17.0/STM32CubeIDE/plugins/com.st.stm32cube.ide.mcu.externaltools.gnu-tools-for-stm32.12.3.rel1.win32_1.1.0.202410251130/tools/bin/../lib/gcc/arm-none-eabi/12.3.1/thumb/v7-m/nofp/crtbegin.o
 *(.bss*)
 .bss.hi2c1     0x2000008c       0x54 ./Core/Src/main.o
                0x2000008c                hi2c1
 .bss.huart1    0x200000e0       0x48 ./Core/Src/main.o
                0x200000e0                huart1
 .bss.huart2    0x20000128       0x48 ./Core/Src/main.o
                0x20000128                huart2
 .bss.gps       0x20000170       0xb0 ./Core/Src/main.o
                0x20000170                gps
 .bss.rx_buffer
                0x20000220       0x80 ./Core/Src/main.o
                0x20000220                rx_buffer
 .bss.rx_data   0x200002a0        0x1 ./Core/Src/main.o
                0x200002a0                rx_data
 .bss.rx_index  0x200002a1        0x1 ./Core/Src/main.o
                0x200002a1                rx_index
 *fill*         0x200002a2        0x2 
 .bss.uwTick    0x200002a4        0x4 ./Drivers/STM32F1xx_HAL_Driver/Src/stm32f1xx_hal.o
                0x200002a4                uwTick
 .bss.__sf      0x200002a8      0x138 C:/ST/STM32CubeIDE_1.17.0/STM32CubeIDE/plugins/com.st.stm32cube.ide.mcu.externaltools.gnu-tools-for-stm32.12.3.rel1.win32_1.1.0.202410251130/tools/bin/../lib/gcc/arm-none-eabi/12.3.1/../../../../arm-none-eabi/lib/thumb/v7-m/nofp\libc_nano.a(libc_a-findfp.o)
                0x200002a8                __sf
 *(COMMON)
                0x200003e0                        . = ALIGN (0x4)
                0x200003e0                        _ebss = .
                0x200003e0                        __bss_end__ = _ebss

._user_heap_stack
                0x200003e0      0x600 load address 0x08006f38
                0x200003e0                        . = ALIGN (0x8)
                [!provide]                        PROVIDE (end = .)
                0x200003e0                        PROVIDE (_end = .)
                0x200005e0                        . = (. + _Min_Heap_Size)
 *fill*         0x200003e0      0x200 
                0x200009e0                        . = (. + _Min_Stack_Size)
 *fill*         0x200005e0      0x400 
                0x200009e0                        . = ALIGN (0x8)

/DISCARD/
 libc.a(*)
 libm.a(*)
 libgcc.a(*)

.ARM.attributes
                0x00000000       0x29
 *(.ARM.attributes)
 .ARM.attributes
                0x00000000       0x1d C:/ST/STM32CubeIDE_1.17.0/STM32CubeIDE/plugins/com.st.stm32cube.ide.mcu.externaltools.gnu-tools-for-stm32.12.3.rel1.win32_1.1.0.202410251130/tools/bin/../lib/gcc/arm-none-eabi/12.3.1/thumb/v7-m/nofp/crti.o
 .ARM.attributes
                0x0000001d       0x2d C:/ST/STM32CubeIDE_1.17.0/STM32CubeIDE/plugins/com.st.stm32cube.ide.mcu.externaltools.gnu-tools-for-stm32.12.3.rel1.win32_1.1.0.202410251130/tools/bin/../lib/gcc/arm-none-eabi/12.3.1/thumb/v7-m/nofp/crtbegin.o
 .ARM.attributes
                0x0000004a       0x2d ./Core/Src/bmp280.o
 .ARM.attributes
                0x00000077       0x2d ./Core/Src/lwgps.o
 .ARM.attributes
                0x000000a4       0x2d ./Core/Src/main.o
 .ARM.attributes
                0x000000d1       0x2d ./Core/Src/mpu9250.o
 .ARM.attributes
                0x000000fe       0x2d ./Core/Src/stm32f1xx_hal_msp.o
 .ARM.attributes
                0x0000012b       0x2d ./Core/Src/stm32f1xx_it.o
 .ARM.attributes
                0x00000158       0x2d ./Core/Src/system_stm32f1xx.o
 .ARM.attributes
                0x00000185       0x21 ./Core/Startup/startup_stm32f103c6tx.o
 .ARM.attributes
                0x000001a6       0x2d ./Drivers/STM32F1xx_HAL_Driver/Src/stm32f1xx_hal.o
 .ARM.attributes
                0x000001d3       0x2d ./Drivers/STM32F1xx_HAL_Driver/Src/stm32f1xx_hal_cortex.o
 .ARM.attributes
                0x00000200       0x2d ./Drivers/STM32F1xx_HAL_Driver/Src/stm32f1xx_hal_dma.o
 .ARM.attributes
                0x0000022d       0x2d ./Drivers/STM32F1xx_HAL_Driver/Src/stm32f1xx_hal_gpio.o
 .ARM.attributes
                0x0000025a       0x2d ./Drivers/STM32F1xx_HAL_Driver/Src/stm32f1xx_hal_i2c.o
 .ARM.attributes
                0x00000287       0x2d ./Drivers/STM32F1xx_HAL_Driver/Src/stm32f1xx_hal_rcc.o
 .ARM.attributes
                0x000002b4       0x2d ./Drivers/STM32F1xx_HAL_Driver/Src/stm32f1xx_hal_uart.o
 .ARM.attributes
                0x000002e1       0x2d C:/ST/STM32CubeIDE_1.17.0/STM32CubeIDE/plugins/com.st.stm32cube.ide.mcu.externaltools.gnu-tools-for-stm32.12.3.rel1.win32_1.1.0.202410251130/tools/bin/../lib/gcc/arm-none-eabi/12.3.1/../../../../arm-none-eabi/lib/thumb/v7-m/nofp\libc_nano.a(libc_a-findfp.o)
 .ARM.attributes
                0x0000030e       0x2d C:/ST/STM32CubeIDE_1.17.0/STM32CubeIDE/plugins/com.st.stm32cube.ide.mcu.externaltools.gnu-tools-for-stm32.12.3.rel1.win32_1.1.0.202410251130/tools/bin/../lib/gcc/arm-none-eabi/12.3.1/../../../../arm-none-eabi/lib/thumb/v7-m/nofp\libc_nano.a(libc_a-memset.o)
 .ARM.attributes
                0x0000033b       0x2d C:/ST/STM32CubeIDE_1.17.0/STM32CubeIDE/plugins/com.st.stm32cube.ide.mcu.externaltools.gnu-tools-for-stm32.12.3.rel1.win32_1.1.0.202410251130/tools/bin/../lib/gcc/arm-none-eabi/12.3.1/../../../../arm-none-eabi/lib/thumb/v7-m/nofp\libc_nano.a(libc_a-strncmp.o)
 .ARM.attributes
                0x00000368       0x2d C:/ST/STM32CubeIDE_1.17.0/STM32CubeIDE/plugins/com.st.stm32cube.ide.mcu.externaltools.gnu-tools-for-stm32.12.3.rel1.win32_1.1.0.202410251130/tools/bin/../lib/gcc/arm-none-eabi/12.3.1/../../../../arm-none-eabi/lib/thumb/v7-m/nofp\libc_nano.a(libc_a-impure.o)
 .ARM.attributes
                0x00000395       0x2d C:/ST/STM32CubeIDE_1.17.0/STM32CubeIDE/plugins/com.st.stm32cube.ide.mcu.externaltools.gnu-tools-for-stm32.12.3.rel1.win32_1.1.0.202410251130/tools/bin/../lib/gcc/arm-none-eabi/12.3.1/../../../../arm-none-eabi/lib/thumb/v7-m/nofp\libc_nano.a(libc_a-errno.o)
 .ARM.attributes
                0x000003c2       0x2d C:/ST/STM32CubeIDE_1.17.0/STM32CubeIDE/plugins/com.st.stm32cube.ide.mcu.externaltools.gnu-tools-for-stm32.12.3.rel1.win32_1.1.0.202410251130/tools/bin/../lib/gcc/arm-none-eabi/12.3.1/../../../../arm-none-eabi/lib/thumb/v7-m/nofp\libc_nano.a(libc_a-init.o)
 .ARM.attributes
                0x000003ef       0x2d C:/ST/STM32CubeIDE_1.17.0/STM32CubeIDE/plugins/com.st.stm32cube.ide.mcu.externaltools.gnu-tools-for-stm32.12.3.rel1.win32_1.1.0.202410251130/tools/bin/../lib/gcc/arm-none-eabi/12.3.1/../../../../arm-none-eabi/lib/thumb/v7-m/nofp\libc_nano.a(libc_a-memcpy-stub.o)
 .ARM.attributes
                0x0000041c       0x2d C:/ST/STM32CubeIDE_1.17.0/STM32CubeIDE/plugins/com.st.stm32cube.ide.mcu.externaltools.gnu-tools-for-stm32.12.3.rel1.win32_1.1.0.202410251130/tools/bin/../lib/gcc/arm-none-eabi/12.3.1/../../../../arm-none-eabi/lib/thumb/v7-m/nofp\libm.a(libm_a-w_pow.o)
 .ARM.attributes
                0x00000449       0x2d C:/ST/STM32CubeIDE_1.17.0/STM32CubeIDE/plugins/com.st.stm32cube.ide.mcu.externaltools.gnu-tools-for-stm32.12.3.rel1.win32_1.1.0.202410251130/tools/bin/../lib/gcc/arm-none-eabi/12.3.1/../../../../arm-none-eabi/lib/thumb/v7-m/nofp\libm.a(libm_a-s_finite.o)
 .ARM.attributes
                0x00000476       0x2d C:/ST/STM32CubeIDE_1.17.0/STM32CubeIDE/plugins/com.st.stm32cube.ide.mcu.externaltools.gnu-tools-for-stm32.12.3.rel1.win32_1.1.0.202410251130/tools/bin/../lib/gcc/arm-none-eabi/12.3.1/../../../../arm-none-eabi/lib/thumb/v7-m/nofp\libm.a(libm_a-e_sqrt.o)
 .ARM.attributes
                0x000004a3       0x2d C:/ST/STM32CubeIDE_1.17.0/STM32CubeIDE/plugins/com.st.stm32cube.ide.mcu.externaltools.gnu-tools-for-stm32.12.3.rel1.win32_1.1.0.202410251130/tools/bin/../lib/gcc/arm-none-eabi/12.3.1/../../../../arm-none-eabi/lib/thumb/v7-m/nofp\libm.a(libm_a-e_pow.o)
 .ARM.attributes
                0x000004d0       0x2d C:/ST/STM32CubeIDE_1.17.0/STM32CubeIDE/plugins/com.st.stm32cube.ide.mcu.externaltools.gnu-tools-for-stm32.12.3.rel1.win32_1.1.0.202410251130/tools/bin/../lib/gcc/arm-none-eabi/12.3.1/../../../../arm-none-eabi/lib/thumb/v7-m/nofp\libm.a(libm_a-s_fabs.o)
 .ARM.attributes
                0x000004fd       0x2d C:/ST/STM32CubeIDE_1.17.0/STM32CubeIDE/plugins/com.st.stm32cube.ide.mcu.externaltools.gnu-tools-for-stm32.12.3.rel1.win32_1.1.0.202410251130/tools/bin/../lib/gcc/arm-none-eabi/12.3.1/../../../../arm-none-eabi/lib/thumb/v7-m/nofp\libm.a(libm_a-s_scalbn.o)
 .ARM.attributes
                0x0000052a       0x2d C:/ST/STM32CubeIDE_1.17.0/STM32CubeIDE/plugins/com.st.stm32cube.ide.mcu.externaltools.gnu-tools-for-stm32.12.3.rel1.win32_1.1.0.202410251130/tools/bin/../lib/gcc/arm-none-eabi/12.3.1/../../../../arm-none-eabi/lib/thumb/v7-m/nofp\libm.a(libm_a-math_err.o)
 .ARM.attributes
                0x00000557       0x1d C:/ST/STM32CubeIDE_1.17.0/STM32CubeIDE/plugins/com.st.stm32cube.ide.mcu.externaltools.gnu-tools-for-stm32.12.3.rel1.win32_1.1.0.202410251130/tools/bin/../lib/gcc/arm-none-eabi/12.3.1/thumb/v7-m/nofp\libgcc.a(_arm_addsubdf3.o)
 .ARM.attributes
                0x00000574       0x1d C:/ST/STM32CubeIDE_1.17.0/STM32CubeIDE/plugins/com.st.stm32cube.ide.mcu.externaltools.gnu-tools-for-stm32.12.3.rel1.win32_1.1.0.202410251130/tools/bin/../lib/gcc/arm-none-eabi/12.3.1/thumb/v7-m/nofp\libgcc.a(_arm_muldivdf3.o)
 .ARM.attributes
                0x00000591       0x1d C:/ST/STM32CubeIDE_1.17.0/STM32CubeIDE/plugins/com.st.stm32cube.ide.mcu.externaltools.gnu-tools-for-stm32.12.3.rel1.win32_1.1.0.202410251130/tools/bin/../lib/gcc/arm-none-eabi/12.3.1/thumb/v7-m/nofp\libgcc.a(_arm_cmpdf2.o)
 .ARM.attributes
                0x000005ae       0x1d C:/ST/STM32CubeIDE_1.17.0/STM32CubeIDE/plugins/com.st.stm32cube.ide.mcu.externaltools.gnu-tools-for-stm32.12.3.rel1.win32_1.1.0.202410251130/tools/bin/../lib/gcc/arm-none-eabi/12.3.1/thumb/v7-m/nofp\libgcc.a(_arm_unorddf2.o)
 .ARM.attributes
                0x000005cb       0x1d C:/ST/STM32CubeIDE_1.17.0/STM32CubeIDE/plugins/com.st.stm32cube.ide.mcu.externaltools.gnu-tools-for-stm32.12.3.rel1.win32_1.1.0.202410251130/tools/bin/../lib/gcc/arm-none-eabi/12.3.1/thumb/v7-m/nofp\libgcc.a(_arm_fixdfsi.o)
 .ARM.attributes
                0x000005e8       0x1d C:/ST/STM32CubeIDE_1.17.0/STM32CubeIDE/plugins/com.st.stm32cube.ide.mcu.externaltools.gnu-tools-for-stm32.12.3.rel1.win32_1.1.0.202410251130/tools/bin/../lib/gcc/arm-none-eabi/12.3.1/thumb/v7-m/nofp\libgcc.a(_arm_truncdfsf2.o)
 .ARM.attributes
                0x00000605       0x1d C:/ST/STM32CubeIDE_1.17.0/STM32CubeIDE/plugins/com.st.stm32cube.ide.mcu.externaltools.gnu-tools-for-stm32.12.3.rel1.win32_1.1.0.202410251130/tools/bin/../lib/gcc/arm-none-eabi/12.3.1/thumb/v7-m/nofp\libgcc.a(_arm_addsubsf3.o)
 .ARM.attributes
                0x00000622       0x1d C:/ST/STM32CubeIDE_1.17.0/STM32CubeIDE/plugins/com.st.stm32cube.ide.mcu.externaltools.gnu-tools-for-stm32.12.3.rel1.win32_1.1.0.202410251130/tools/bin/../lib/gcc/arm-none-eabi/12.3.1/thumb/v7-m/nofp\libgcc.a(_arm_muldivsf3.o)
 .ARM.attributes
                0x0000063f       0x1d C:/ST/STM32CubeIDE_1.17.0/STM32CubeIDE/plugins/com.st.stm32cube.ide.mcu.externaltools.gnu-tools-for-stm32.12.3.rel1.win32_1.1.0.202410251130/tools/bin/../lib/gcc/arm-none-eabi/12.3.1/thumb/v7-m/nofp\libgcc.a(_arm_fixsfsi.o)
 .ARM.attributes
                0x0000065c       0x1d C:/ST/STM32CubeIDE_1.17.0/STM32CubeIDE/plugins/com.st.stm32cube.ide.mcu.externaltools.gnu-tools-for-stm32.12.3.rel1.win32_1.1.0.202410251130/tools/bin/../lib/gcc/arm-none-eabi/12.3.1/thumb/v7-m/nofp\libgcc.a(_aeabi_ldivmod.o)
 .ARM.attributes
                0x00000679       0x2d C:/ST/STM32CubeIDE_1.17.0/STM32CubeIDE/plugins/com.st.stm32cube.ide.mcu.externaltools.gnu-tools-for-stm32.12.3.rel1.win32_1.1.0.202410251130/tools/bin/../lib/gcc/arm-none-eabi/12.3.1/thumb/v7-m/nofp\libgcc.a(_udivmoddi4.o)
 .ARM.attributes
                0x000006a6       0x1d C:/ST/STM32CubeIDE_1.17.0/STM32CubeIDE/plugins/com.st.stm32cube.ide.mcu.externaltools.gnu-tools-for-stm32.12.3.rel1.win32_1.1.0.202410251130/tools/bin/../lib/gcc/arm-none-eabi/12.3.1/thumb/v7-m/nofp\libgcc.a(_dvmd_tls.o)
 .ARM.attributes
                0x000006c3       0x1d C:/ST/STM32CubeIDE_1.17.0/STM32CubeIDE/plugins/com.st.stm32cube.ide.mcu.externaltools.gnu-tools-for-stm32.12.3.rel1.win32_1.1.0.202410251130/tools/bin/../lib/gcc/arm-none-eabi/12.3.1/thumb/v7-m/nofp/crtn.o
OUTPUT(PhoenixRocketF103.elf elf32-littlearm)
LOAD linker stubs
LOAD C:/ST/STM32CubeIDE_1.17.0/STM32CubeIDE/plugins/com.st.stm32cube.ide.mcu.externaltools.gnu-tools-for-stm32.12.3.rel1.win32_1.1.0.202410251130/tools/bin/../lib/gcc/arm-none-eabi/12.3.1/../../../../arm-none-eabi/lib/thumb/v7-m/nofp\libc.a
LOAD C:/ST/STM32CubeIDE_1.17.0/STM32CubeIDE/plugins/com.st.stm32cube.ide.mcu.externaltools.gnu-tools-for-stm32.12.3.rel1.win32_1.1.0.202410251130/tools/bin/../lib/gcc/arm-none-eabi/12.3.1/../../../../arm-none-eabi/lib/thumb/v7-m/nofp\libm.a
LOAD C:/ST/STM32CubeIDE_1.17.0/STM32CubeIDE/plugins/com.st.stm32cube.ide.mcu.externaltools.gnu-tools-for-stm32.12.3.rel1.win32_1.1.0.202410251130/tools/bin/../lib/gcc/arm-none-eabi/12.3.1/thumb/v7-m/nofp\libgcc.a

.debug_info     0x00000000     0xc168
 .debug_info    0x00000000      0xca8 ./Core/Src/bmp280.o
 .debug_info    0x00000ca8      0x853 ./Core/Src/lwgps.o
 .debug_info    0x000014fb     0x15ad ./Core/Src/main.o
 .debug_info    0x00002aa8      0x815 ./Core/Src/mpu9250.o
 .debug_info    0x000032bd      0xcbc ./Core/Src/stm32f1xx_hal_msp.o
 .debug_info    0x00003f79      0x5eb ./Core/Src/stm32f1xx_it.o
 .debug_info    0x00004564      0x222 ./Core/Src/system_stm32f1xx.o
 .debug_info    0x00004786       0x30 ./Core/Startup/startup_stm32f103c6tx.o
 .debug_info    0x000047b6      0x6e6 ./Drivers/STM32F1xx_HAL_Driver/Src/stm32f1xx_hal.o
 .debug_info    0x00004e9c      0xa69 ./Drivers/STM32F1xx_HAL_Driver/Src/stm32f1xx_hal_cortex.o
 .debug_info    0x00005905      0x6d2 ./Drivers/STM32F1xx_HAL_Driver/Src/stm32f1xx_hal_dma.o
 .debug_info    0x00005fd7      0x5ab ./Drivers/STM32F1xx_HAL_Driver/Src/stm32f1xx_hal_gpio.o
 .debug_info    0x00006582     0x2524 ./Drivers/STM32F1xx_HAL_Driver/Src/stm32f1xx_hal_i2c.o
 .debug_info    0x00008aa6      0x7d5 ./Drivers/STM32F1xx_HAL_Driver/Src/stm32f1xx_hal_rcc.o
 .debug_info    0x0000927b     0x2eed ./Drivers/STM32F1xx_HAL_Driver/Src/stm32f1xx_hal_uart.o

.debug_abbrev   0x00000000     0x1e7a
 .debug_abbrev  0x00000000      0x1d2 ./Core/Src/bmp280.o
 .debug_abbrev  0x000001d2      0x21a ./Core/Src/lwgps.o
 .debug_abbrev  0x000003ec      0x30b ./Core/Src/main.o
 .debug_abbrev  0x000006f7      0x1c4 ./Core/Src/mpu9250.o
 .debug_abbrev  0x000008bb      0x1ca ./Core/Src/stm32f1xx_hal_msp.o
 .debug_abbrev  0x00000a85      0x176 ./Core/Src/stm32f1xx_it.o
 .debug_abbrev  0x00000bfb      0x13f ./Core/Src/system_stm32f1xx.o
 .debug_abbrev  0x00000d3a       0x24 ./Core/Startup/startup_stm32f103c6tx.o
 .debug_abbrev  0x00000d5e      0x201 ./Drivers/STM32F1xx_HAL_Driver/Src/stm32f1xx_hal.o
 .debug_abbrev  0x00000f5f      0x2f8 ./Drivers/STM32F1xx_HAL_Driver/Src/stm32f1xx_hal_cortex.o
 .debug_abbrev  0x00001257      0x20b ./Drivers/STM32F1xx_HAL_Driver/Src/stm32f1xx_hal_dma.o
 .debug_abbrev  0x00001462      0x1ca ./Drivers/STM32F1xx_HAL_Driver/Src/stm32f1xx_hal_gpio.o
 .debug_abbrev  0x0000162c      0x2a3 ./Drivers/STM32F1xx_HAL_Driver/Src/stm32f1xx_hal_i2c.o
 .debug_abbrev  0x000018cf      0x2b3 ./Drivers/STM32F1xx_HAL_Driver/Src/stm32f1xx_hal_rcc.o
 .debug_abbrev  0x00001b82      0x2f8 ./Drivers/STM32F1xx_HAL_Driver/Src/stm32f1xx_hal_uart.o

.debug_aranges  0x00000000      0xa68
 .debug_aranges
                0x00000000       0x60 ./Core/Src/bmp280.o
 .debug_aranges
                0x00000060       0x68 ./Core/Src/lwgps.o
 .debug_aranges
                0x000000c8       0x80 ./Core/Src/main.o
 .debug_aranges
                0x00000148       0x30 ./Core/Src/mpu9250.o
 .debug_aranges
                0x00000178       0x40 ./Core/Src/stm32f1xx_hal_msp.o
 .debug_aranges
                0x000001b8       0x68 ./Core/Src/stm32f1xx_it.o
 .debug_aranges
                0x00000220       0x28 ./Core/Src/system_stm32f1xx.o
 .debug_aranges
                0x00000248       0x28 ./Core/Startup/startup_stm32f103c6tx.o
 .debug_aranges
                0x00000270       0xe0 ./Drivers/STM32F1xx_HAL_Driver/Src/stm32f1xx_hal.o
 .debug_aranges
                0x00000350      0x100 ./Drivers/STM32F1xx_HAL_Driver/Src/stm32f1xx_hal_cortex.o
 .debug_aranges
                0x00000450       0x80 ./Drivers/STM32F1xx_HAL_Driver/Src/stm32f1xx_hal_dma.o
 .debug_aranges
                0x000004d0       0x58 ./Drivers/STM32F1xx_HAL_Driver/Src/stm32f1xx_hal_gpio.o
 .debug_aranges
                0x00000528      0x2a8 ./Drivers/STM32F1xx_HAL_Driver/Src/stm32f1xx_hal_i2c.o
 .debug_aranges
                0x000007d0       0x90 ./Drivers/STM32F1xx_HAL_Driver/Src/stm32f1xx_hal_rcc.o
 .debug_aranges
                0x00000860      0x208 ./Drivers/STM32F1xx_HAL_Driver/Src/stm32f1xx_hal_uart.o

.debug_rnglists
                0x00000000      0x829
 .debug_rnglists
                0x00000000       0x49 ./Core/Src/bmp280.o
 .debug_rnglists
                0x00000049       0x52 ./Core/Src/lwgps.o
 .debug_rnglists
                0x0000009b       0x5e ./Core/Src/main.o
 .debug_rnglists
                0x000000f9       0x22 ./Core/Src/mpu9250.o
 .debug_rnglists
                0x0000011b       0x2d ./Core/Src/stm32f1xx_hal_msp.o
 .debug_rnglists
                0x00000148       0x49 ./Core/Src/stm32f1xx_it.o
 .debug_rnglists
                0x00000191       0x1a ./Core/Src/system_stm32f1xx.o
 .debug_rnglists
                0x000001ab       0x19 ./Core/Startup/startup_stm32f103c6tx.o
 .debug_rnglists
                0x000001c4       0xa3 ./Drivers/STM32F1xx_HAL_Driver/Src/stm32f1xx_hal.o
 .debug_rnglists
                0x00000267       0xbb ./Drivers/STM32F1xx_HAL_Driver/Src/stm32f1xx_hal_cortex.o
 .debug_rnglists
                0x00000322       0x64 ./Drivers/STM32F1xx_HAL_Driver/Src/stm32f1xx_hal_dma.o
 .debug_rnglists
                0x00000386       0x3f ./Drivers/STM32F1xx_HAL_Driver/Src/stm32f1xx_hal_gpio.o
 .debug_rnglists
                0x000003c5      0x23c ./Drivers/STM32F1xx_HAL_Driver/Src/stm32f1xx_hal_i2c.o
 .debug_rnglists
                0x00000601       0x6c ./Drivers/STM32F1xx_HAL_Driver/Src/stm32f1xx_hal_rcc.o
 .debug_rnglists
                0x0000066d      0x1bc ./Drivers/STM32F1xx_HAL_Driver/Src/stm32f1xx_hal_uart.o

.debug_macro    0x00000000    0x179ec
 .debug_macro   0x00000000      0x250 ./Core/Src/bmp280.o
 .debug_macro   0x00000250      0xaa8 ./Core/Src/bmp280.o
 .debug_macro   0x00000cf8      0x21b ./Core/Src/bmp280.o
 .debug_macro   0x00000f13       0x2e ./Core/Src/bmp280.o
 .debug_macro   0x00000f41       0x22 ./Core/Src/bmp280.o
 .debug_macro   0x00000f63       0x22 ./Core/Src/bmp280.o
 .debug_macro   0x00000f85       0x8e ./Core/Src/bmp280.o
 .debug_macro   0x00001013       0x51 ./Core/Src/bmp280.o
 .debug_macro   0x00001064      0x103 ./Core/Src/bmp280.o
 .debug_macro   0x00001167       0x6a ./Core/Src/bmp280.o
 .debug_macro   0x000011d1      0x1df ./Core/Src/bmp280.o
 .debug_macro   0x000013b0       0x1c ./Core/Src/bmp280.o
 .debug_macro   0x000013cc       0x22 ./Core/Src/bmp280.o
 .debug_macro   0x000013ee       0xbd ./Core/Src/bmp280.o
 .debug_macro   0x000014ab      0xd23 ./Core/Src/bmp280.o
 .debug_macro   0x000021ce     0xde75 ./Core/Src/bmp280.o
 .debug_macro   0x00010043       0x6d ./Core/Src/bmp280.o
 .debug_macro   0x000100b0     0x34a2 ./Core/Src/bmp280.o
 .debug_macro   0x00013552      0x189 ./Core/Src/bmp280.o
 .debug_macro   0x000136db       0x5c ./Core/Src/bmp280.o
 .debug_macro   0x00013737      0x5bc ./Core/Src/bmp280.o
 .debug_macro   0x00013cf3      0x1b7 ./Core/Src/bmp280.o
 .debug_macro   0x00013eaa      0x1cb ./Core/Src/bmp280.o
 .debug_macro   0x00014075      0x114 ./Core/Src/bmp280.o
 .debug_macro   0x00014189      0x1b2 ./Core/Src/bmp280.o
 .debug_macro   0x0001433b       0x27 ./Core/Src/bmp280.o
 .debug_macro   0x00014362      0x12f ./Core/Src/bmp280.o
 .debug_macro   0x00014491      0x1bc ./Core/Src/bmp280.o
 .debug_macro   0x0001464d       0x34 ./Core/Src/bmp280.o
 .debug_macro   0x00014681       0x3c ./Core/Src/bmp280.o
 .debug_macro   0x000146bd       0x57 ./Core/Src/bmp280.o
 .debug_macro   0x00014714       0x87 ./Core/Src/bmp280.o
 .debug_macro   0x0001479b      0x183 ./Core/Src/bmp280.o
 .debug_macro   0x0001491e      0x287 ./Core/Src/bmp280.o
 .debug_macro   0x00014ba5      0x140 ./Core/Src/bmp280.o
 .debug_macro   0x00014ce5      0x28e ./Core/Src/bmp280.o
 .debug_macro   0x00014f73       0x69 ./Core/Src/bmp280.o
 .debug_macro   0x00014fdc       0x46 ./Core/Src/bmp280.o
 .debug_macro   0x00015022       0x61 ./Core/Src/bmp280.o
 .debug_macro   0x00015083       0x24 ./Core/Src/bmp280.o
 .debug_macro   0x000150a7       0x43 ./Core/Src/bmp280.o
 .debug_macro   0x000150ea       0x34 ./Core/Src/bmp280.o
 .debug_macro   0x0001511e       0x16 ./Core/Src/bmp280.o
 .debug_macro   0x00015134       0x43 ./Core/Src/bmp280.o
 .debug_macro   0x00015177       0x34 ./Core/Src/bmp280.o
 .debug_macro   0x000151ab       0x10 ./Core/Src/bmp280.o
 .debug_macro   0x000151bb       0x58 ./Core/Src/bmp280.o
 .debug_macro   0x00015213       0x8e ./Core/Src/bmp280.o
 .debug_macro   0x000152a1       0x1c ./Core/Src/bmp280.o
 .debug_macro   0x000152bd      0x177 ./Core/Src/bmp280.o
 .debug_macro   0x00015434      0x369 ./Core/Src/bmp280.o
 .debug_macro   0x0001579d      0x19b ./Core/Src/bmp280.o
 .debug_macro   0x00015938      0x21b ./Core/Src/lwgps.o
 .debug_macro   0x00015b53       0x5b ./Core/Src/lwgps.o
 .debug_macro   0x00015bae       0x94 ./Core/Src/lwgps.o
 .debug_macro   0x00015c42       0x16 ./Core/Src/lwgps.o
 .debug_macro   0x00015c58      0x11c ./Core/Src/lwgps.o
 .debug_macro   0x00015d74       0x94 ./Core/Src/lwgps.o
 .debug_macro   0x00015e08       0x57 ./Core/Src/lwgps.o
 .debug_macro   0x00015e5f       0x16 ./Core/Src/lwgps.o
 .debug_macro   0x00015e75       0x29 ./Core/Src/lwgps.o
 .debug_macro   0x00015e9e       0x16 ./Core/Src/lwgps.o
 .debug_macro   0x00015eb4       0x35 ./Core/Src/lwgps.o
 .debug_macro   0x00015ee9       0x20 ./Core/Src/lwgps.o
 .debug_macro   0x00015f09       0x7c ./Core/Src/lwgps.o
 .debug_macro   0x00015f85       0x17 ./Core/Src/lwgps.o
 .debug_macro   0x00015f9c      0x118 ./Core/Src/lwgps.o
 .debug_macro   0x000160b4       0x4b ./Core/Src/lwgps.o
 .debug_macro   0x000160ff       0x74 ./Core/Src/lwgps.o
 .debug_macro   0x00016173      0x31c ./Core/Src/main.o
 .debug_macro   0x0001648f       0x6a ./Core/Src/main.o
 .debug_macro   0x000164f9       0x10 ./Core/Src/main.o
 .debug_macro   0x00016509       0x1c ./Core/Src/main.o
 .debug_macro   0x00016525       0x10 ./Core/Src/main.o
 .debug_macro   0x00016535       0x1c ./Core/Src/main.o
 .debug_macro   0x00016551       0x16 ./Core/Src/main.o
 .debug_macro   0x00016567      0x146 ./Core/Src/main.o
 .debug_macro   0x000166ad       0x4c ./Core/Src/main.o
 .debug_macro   0x000166f9      0x1a5 ./Core/Src/mpu9250.o
 .debug_macro   0x0001689e       0x64 ./Core/Src/mpu9250.o
 .debug_macro   0x00016902      0x1a0 ./Core/Src/stm32f1xx_hal_msp.o
 .debug_macro   0x00016aa2      0x1aa ./Core/Src/stm32f1xx_it.o
 .debug_macro   0x00016c4c      0x196 ./Core/Src/system_stm32f1xx.o
 .debug_macro   0x00016de2      0x1ba ./Drivers/STM32F1xx_HAL_Driver/Src/stm32f1xx_hal.o
 .debug_macro   0x00016f9c      0x196 ./Drivers/STM32F1xx_HAL_Driver/Src/stm32f1xx_hal_cortex.o
 .debug_macro   0x00017132      0x196 ./Drivers/STM32F1xx_HAL_Driver/Src/stm32f1xx_hal_dma.o
 .debug_macro   0x000172c8      0x201 ./Drivers/STM32F1xx_HAL_Driver/Src/stm32f1xx_hal_gpio.o
 .debug_macro   0x000174c9      0x1e4 ./Drivers/STM32F1xx_HAL_Driver/Src/stm32f1xx_hal_i2c.o
 .debug_macro   0x000176ad      0x1a8 ./Drivers/STM32F1xx_HAL_Driver/Src/stm32f1xx_hal_rcc.o
 .debug_macro   0x00017855      0x197 ./Drivers/STM32F1xx_HAL_Driver/Src/stm32f1xx_hal_uart.o

.debug_line     0x00000000     0xe425
 .debug_line    0x00000000      0xbd7 ./Core/Src/bmp280.o
 .debug_line    0x00000bd7      0xde0 ./Core/Src/lwgps.o
 .debug_line    0x000019b7      0xc07 ./Core/Src/main.o
 .debug_line    0x000025be      0x7e5 ./Core/Src/mpu9250.o
 .debug_line    0x00002da3      0x7bc ./Core/Src/stm32f1xx_hal_msp.o
 .debug_line    0x0000355f      0x7bd ./Core/Src/stm32f1xx_it.o
 .debug_line    0x00003d1c      0x761 ./Core/Src/system_stm32f1xx.o
 .debug_line    0x0000447d       0x78 ./Core/Startup/startup_stm32f103c6tx.o
 .debug_line    0x000044f5      0x98e ./Drivers/STM32F1xx_HAL_Driver/Src/stm32f1xx_hal.o
 .debug_line    0x00004e83      0xb7a ./Drivers/STM32F1xx_HAL_Driver/Src/stm32f1xx_hal_cortex.o
 .debug_line    0x000059fd      0xde7 ./Drivers/STM32F1xx_HAL_Driver/Src/stm32f1xx_hal_dma.o
 .debug_line    0x000067e4      0xa12 ./Drivers/STM32F1xx_HAL_Driver/Src/stm32f1xx_hal_gpio.o
 .debug_line    0x000071f6     0x3c2b ./Drivers/STM32F1xx_HAL_Driver/Src/stm32f1xx_hal_i2c.o
 .debug_line    0x0000ae21      0xd97 ./Drivers/STM32F1xx_HAL_Driver/Src/stm32f1xx_hal_rcc.o
 .debug_line    0x0000bbb8     0x286d ./Drivers/STM32F1xx_HAL_Driver/Src/stm32f1xx_hal_uart.o

.debug_str      0x00000000    0x83d53
 .debug_str     0x00000000    0x7fe13 ./Core/Src/bmp280.o
                              0x80243 (size before relaxing)
 .debug_str     0x0007fe13      0xea2 ./Core/Src/lwgps.o
                               0x894c (size before relaxing)
 .debug_str     0x00080cb5      0xd32 ./Core/Src/main.o
                              0x80e31 (size before relaxing)
 .debug_str     0x000819e7       0x33 ./Core/Src/mpu9250.o
                              0x7c584 (size before relaxing)
 .debug_str     0x00081a1a      0x320 ./Core/Src/stm32f1xx_hal_msp.o
                              0x7c90b (size before relaxing)
 .debug_str     0x00081d3a       0xef ./Core/Src/stm32f1xx_it.o
                              0x7c35d (size before relaxing)
 .debug_str     0x00081e29       0x7e ./Core/Src/system_stm32f1xx.o
                              0x7bf38 (size before relaxing)
 .debug_str     0x00081ea7       0x44 ./Core/Startup/startup_stm32f103c6tx.o
                                 0x89 (size before relaxing)
 .debug_str     0x00081eeb      0x384 ./Drivers/STM32F1xx_HAL_Driver/Src/stm32f1xx_hal.o
                              0x7c631 (size before relaxing)
 .debug_str     0x0008226f      0x28a ./Drivers/STM32F1xx_HAL_Driver/Src/stm32f1xx_hal_cortex.o
                              0x7c57d (size before relaxing)
 .debug_str     0x000824f9      0x235 ./Drivers/STM32F1xx_HAL_Driver/Src/stm32f1xx_hal_dma.o
                              0x7c2e1 (size before relaxing)
 .debug_str     0x0008272e      0x2e1 ./Drivers/STM32F1xx_HAL_Driver/Src/stm32f1xx_hal_gpio.o
                              0x7c2be (size before relaxing)
 .debug_str     0x00082a0f      0xb7f ./Drivers/STM32F1xx_HAL_Driver/Src/stm32f1xx_hal_i2c.o
                              0x7cfff (size before relaxing)
 .debug_str     0x0008358e      0x209 ./Drivers/STM32F1xx_HAL_Driver/Src/stm32f1xx_hal_rcc.o
                              0x7c367 (size before relaxing)
 .debug_str     0x00083797      0x5bc ./Drivers/STM32F1xx_HAL_Driver/Src/stm32f1xx_hal_uart.o
                              0x7c9d8 (size before relaxing)

.comment        0x00000000       0x43
 .comment       0x00000000       0x43 ./Core/Src/bmp280.o
                                 0x44 (size before relaxing)
 .comment       0x00000043       0x44 ./Core/Src/lwgps.o
 .comment       0x00000043       0x44 ./Core/Src/main.o
 .comment       0x00000043       0x44 ./Core/Src/mpu9250.o
 .comment       0x00000043       0x44 ./Core/Src/stm32f1xx_hal_msp.o
 .comment       0x00000043       0x44 ./Core/Src/stm32f1xx_it.o
 .comment       0x00000043       0x44 ./Core/Src/system_stm32f1xx.o
 .comment       0x00000043       0x44 ./Drivers/STM32F1xx_HAL_Driver/Src/stm32f1xx_hal.o
 .comment       0x00000043       0x44 ./Drivers/STM32F1xx_HAL_Driver/Src/stm32f1xx_hal_cortex.o
 .comment       0x00000043       0x44 ./Drivers/STM32F1xx_HAL_Driver/Src/stm32f1xx_hal_dma.o
 .comment       0x00000043       0x44 ./Drivers/STM32F1xx_HAL_Driver/Src/stm32f1xx_hal_gpio.o
 .comment       0x00000043       0x44 ./Drivers/STM32F1xx_HAL_Driver/Src/stm32f1xx_hal_i2c.o
 .comment       0x00000043       0x44 ./Drivers/STM32F1xx_HAL_Driver/Src/stm32f1xx_hal_rcc.o
 .comment       0x00000043       0x44 ./Drivers/STM32F1xx_HAL_Driver/Src/stm32f1xx_hal_uart.o

.debug_frame    0x00000000     0x31dc
 .debug_frame   0x00000000      0x170 ./Core/Src/bmp280.o
 .debug_frame   0x00000170      0x19c ./Core/Src/lwgps.o
 .debug_frame   0x0000030c      0x1c0 ./Core/Src/main.o
 .debug_frame   0x000004cc       0x88 ./Core/Src/mpu9250.o
 .debug_frame   0x00000554       0xc8 ./Core/Src/stm32f1xx_hal_msp.o
 .debug_frame   0x0000061c      0x120 ./Core/Src/stm32f1xx_it.o
 .debug_frame   0x0000073c       0x58 ./Core/Src/system_stm32f1xx.o
 .debug_frame   0x00000794      0x334 ./Drivers/STM32F1xx_HAL_Driver/Src/stm32f1xx_hal.o
 .debug_frame   0x00000ac8      0x428 ./Drivers/STM32F1xx_HAL_Driver/Src/stm32f1xx_hal_cortex.o
 .debug_frame   0x00000ef0      0x208 ./Drivers/STM32F1xx_HAL_Driver/Src/stm32f1xx_hal_dma.o
 .debug_frame   0x000010f8      0x14c ./Drivers/STM32F1xx_HAL_Driver/Src/stm32f1xx_hal_gpio.o
 .debug_frame   0x00001244      0xc84 ./Drivers/STM32F1xx_HAL_Driver/Src/stm32f1xx_hal_i2c.o
 .debug_frame   0x00001ec8      0x218 ./Drivers/STM32F1xx_HAL_Driver/Src/stm32f1xx_hal_rcc.o
 .debug_frame   0x000020e0      0x944 ./Drivers/STM32F1xx_HAL_Driver/Src/stm32f1xx_hal_uart.o
 .debug_frame   0x00002a24      0x144 C:/ST/STM32CubeIDE_1.17.0/STM32CubeIDE/plugins/com.st.stm32cube.ide.mcu.externaltools.gnu-tools-for-stm32.12.3.rel1.win32_1.1.0.202410251130/tools/bin/../lib/gcc/arm-none-eabi/12.3.1/../../../../arm-none-eabi/lib/thumb/v7-m/nofp\libc_nano.a(libc_a-findfp.o)
 .debug_frame   0x00002b68       0x20 C:/ST/STM32CubeIDE_1.17.0/STM32CubeIDE/plugins/com.st.stm32cube.ide.mcu.externaltools.gnu-tools-for-stm32.12.3.rel1.win32_1.1.0.202410251130/tools/bin/../lib/gcc/arm-none-eabi/12.3.1/../../../../arm-none-eabi/lib/thumb/v7-m/nofp\libc_nano.a(libc_a-memset.o)
 .debug_frame   0x00002b88       0x28 C:/ST/STM32CubeIDE_1.17.0/STM32CubeIDE/plugins/com.st.stm32cube.ide.mcu.externaltools.gnu-tools-for-stm32.12.3.rel1.win32_1.1.0.202410251130/tools/bin/../lib/gcc/arm-none-eabi/12.3.1/../../../../arm-none-eabi/lib/thumb/v7-m/nofp\libc_nano.a(libc_a-strncmp.o)
 .debug_frame   0x00002bb0       0x20 C:/ST/STM32CubeIDE_1.17.0/STM32CubeIDE/plugins/com.st.stm32cube.ide.mcu.externaltools.gnu-tools-for-stm32.12.3.rel1.win32_1.1.0.202410251130/tools/bin/../lib/gcc/arm-none-eabi/12.3.1/../../../../arm-none-eabi/lib/thumb/v7-m/nofp\libc_nano.a(libc_a-errno.o)
 .debug_frame   0x00002bd0       0x2c C:/ST/STM32CubeIDE_1.17.0/STM32CubeIDE/plugins/com.st.stm32cube.ide.mcu.externaltools.gnu-tools-for-stm32.12.3.rel1.win32_1.1.0.202410251130/tools/bin/../lib/gcc/arm-none-eabi/12.3.1/../../../../arm-none-eabi/lib/thumb/v7-m/nofp\libc_nano.a(libc_a-init.o)
 .debug_frame   0x00002bfc       0x28 C:/ST/STM32CubeIDE_1.17.0/STM32CubeIDE/plugins/com.st.stm32cube.ide.mcu.externaltools.gnu-tools-for-stm32.12.3.rel1.win32_1.1.0.202410251130/tools/bin/../lib/gcc/arm-none-eabi/12.3.1/../../../../arm-none-eabi/lib/thumb/v7-m/nofp\libc_nano.a(libc_a-memcpy-stub.o)
 .debug_frame   0x00002c24       0x34 C:/ST/STM32CubeIDE_1.17.0/STM32CubeIDE/plugins/com.st.stm32cube.ide.mcu.externaltools.gnu-tools-for-stm32.12.3.rel1.win32_1.1.0.202410251130/tools/bin/../lib/gcc/arm-none-eabi/12.3.1/../../../../arm-none-eabi/lib/thumb/v7-m/nofp\libm.a(libm_a-w_pow.o)
 .debug_frame   0x00002c58       0x20 C:/ST/STM32CubeIDE_1.17.0/STM32CubeIDE/plugins/com.st.stm32cube.ide.mcu.externaltools.gnu-tools-for-stm32.12.3.rel1.win32_1.1.0.202410251130/tools/bin/../lib/gcc/arm-none-eabi/12.3.1/../../../../arm-none-eabi/lib/thumb/v7-m/nofp\libm.a(libm_a-s_finite.o)
 .debug_frame   0x00002c78       0x38 C:/ST/STM32CubeIDE_1.17.0/STM32CubeIDE/plugins/com.st.stm32cube.ide.mcu.externaltools.gnu-tools-for-stm32.12.3.rel1.win32_1.1.0.202410251130/tools/bin/../lib/gcc/arm-none-eabi/12.3.1/../../../../arm-none-eabi/lib/thumb/v7-m/nofp\libm.a(libm_a-e_sqrt.o)
 .debug_frame   0x00002cb0       0x78 C:/ST/STM32CubeIDE_1.17.0/STM32CubeIDE/plugins/com.st.stm32cube.ide.mcu.externaltools.gnu-tools-for-stm32.12.3.rel1.win32_1.1.0.202410251130/tools/bin/../lib/gcc/arm-none-eabi/12.3.1/../../../../arm-none-eabi/lib/thumb/v7-m/nofp\libm.a(libm_a-e_pow.o)
 .debug_frame   0x00002d28       0x20 C:/ST/STM32CubeIDE_1.17.0/STM32CubeIDE/plugins/com.st.stm32cube.ide.mcu.externaltools.gnu-tools-for-stm32.12.3.rel1.win32_1.1.0.202410251130/tools/bin/../lib/gcc/arm-none-eabi/12.3.1/../../../../arm-none-eabi/lib/thumb/v7-m/nofp\libm.a(libm_a-s_fabs.o)
 .debug_frame   0x00002d48       0x30 C:/ST/STM32CubeIDE_1.17.0/STM32CubeIDE/plugins/com.st.stm32cube.ide.mcu.externaltools.gnu-tools-for-stm32.12.3.rel1.win32_1.1.0.202410251130/tools/bin/../lib/gcc/arm-none-eabi/12.3.1/../../../../arm-none-eabi/lib/thumb/v7-m/nofp\libm.a(libm_a-s_scalbn.o)
 .debug_frame   0x00002d78      0x11c C:/ST/STM32CubeIDE_1.17.0/STM32CubeIDE/plugins/com.st.stm32cube.ide.mcu.externaltools.gnu-tools-for-stm32.12.3.rel1.win32_1.1.0.202410251130/tools/bin/../lib/gcc/arm-none-eabi/12.3.1/../../../../arm-none-eabi/lib/thumb/v7-m/nofp\libm.a(libm_a-math_err.o)
 .debug_frame   0x00002e94       0xac C:/ST/STM32CubeIDE_1.17.0/STM32CubeIDE/plugins/com.st.stm32cube.ide.mcu.externaltools.gnu-tools-for-stm32.12.3.rel1.win32_1.1.0.202410251130/tools/bin/../lib/gcc/arm-none-eabi/12.3.1/thumb/v7-m/nofp\libgcc.a(_arm_addsubdf3.o)
 .debug_frame   0x00002f40       0x50 C:/ST/STM32CubeIDE_1.17.0/STM32CubeIDE/plugins/com.st.stm32cube.ide.mcu.externaltools.gnu-tools-for-stm32.12.3.rel1.win32_1.1.0.202410251130/tools/bin/../lib/gcc/arm-none-eabi/12.3.1/thumb/v7-m/nofp\libgcc.a(_arm_muldivdf3.o)
 .debug_frame   0x00002f90       0xc4 C:/ST/STM32CubeIDE_1.17.0/STM32CubeIDE/plugins/com.st.stm32cube.ide.mcu.externaltools.gnu-tools-for-stm32.12.3.rel1.win32_1.1.0.202410251130/tools/bin/../lib/gcc/arm-none-eabi/12.3.1/thumb/v7-m/nofp\libgcc.a(_arm_cmpdf2.o)
 .debug_frame   0x00003054       0x20 C:/ST/STM32CubeIDE_1.17.0/STM32CubeIDE/plugins/com.st.stm32cube.ide.mcu.externaltools.gnu-tools-for-stm32.12.3.rel1.win32_1.1.0.202410251130/tools/bin/../lib/gcc/arm-none-eabi/12.3.1/thumb/v7-m/nofp\libgcc.a(_arm_unorddf2.o)
 .debug_frame   0x00003074       0x24 C:/ST/STM32CubeIDE_1.17.0/STM32CubeIDE/plugins/com.st.stm32cube.ide.mcu.externaltools.gnu-tools-for-stm32.12.3.rel1.win32_1.1.0.202410251130/tools/bin/../lib/gcc/arm-none-eabi/12.3.1/thumb/v7-m/nofp\libgcc.a(_arm_fixdfsi.o)
 .debug_frame   0x00003098       0x24 C:/ST/STM32CubeIDE_1.17.0/STM32CubeIDE/plugins/com.st.stm32cube.ide.mcu.externaltools.gnu-tools-for-stm32.12.3.rel1.win32_1.1.0.202410251130/tools/bin/../lib/gcc/arm-none-eabi/12.3.1/thumb/v7-m/nofp\libgcc.a(_arm_truncdfsf2.o)
 .debug_frame   0x000030bc       0x4c C:/ST/STM32CubeIDE_1.17.0/STM32CubeIDE/plugins/com.st.stm32cube.ide.mcu.externaltools.gnu-tools-for-stm32.12.3.rel1.win32_1.1.0.202410251130/tools/bin/../lib/gcc/arm-none-eabi/12.3.1/thumb/v7-m/nofp\libgcc.a(_arm_addsubsf3.o)
 .debug_frame   0x00003108       0x38 C:/ST/STM32CubeIDE_1.17.0/STM32CubeIDE/plugins/com.st.stm32cube.ide.mcu.externaltools.gnu-tools-for-stm32.12.3.rel1.win32_1.1.0.202410251130/tools/bin/../lib/gcc/arm-none-eabi/12.3.1/thumb/v7-m/nofp\libgcc.a(_arm_muldivsf3.o)
 .debug_frame   0x00003140       0x24 C:/ST/STM32CubeIDE_1.17.0/STM32CubeIDE/plugins/com.st.stm32cube.ide.mcu.externaltools.gnu-tools-for-stm32.12.3.rel1.win32_1.1.0.202410251130/tools/bin/../lib/gcc/arm-none-eabi/12.3.1/thumb/v7-m/nofp\libgcc.a(_arm_fixsfsi.o)
 .debug_frame   0x00003164       0x44 C:/ST/STM32CubeIDE_1.17.0/STM32CubeIDE/plugins/com.st.stm32cube.ide.mcu.externaltools.gnu-tools-for-stm32.12.3.rel1.win32_1.1.0.202410251130/tools/bin/../lib/gcc/arm-none-eabi/12.3.1/thumb/v7-m/nofp\libgcc.a(_aeabi_ldivmod.o)
 .debug_frame   0x000031a8       0x34 C:/ST/STM32CubeIDE_1.17.0/STM32CubeIDE/plugins/com.st.stm32cube.ide.mcu.externaltools.gnu-tools-for-stm32.12.3.rel1.win32_1.1.0.202410251130/tools/bin/../lib/gcc/arm-none-eabi/12.3.1/thumb/v7-m/nofp\libgcc.a(_udivmoddi4.o)

.debug_line_str
                0x00000000       0x6d
 .debug_line_str
                0x00000000       0x6d ./Core/Startup/startup_stm32f103c6tx.o
