../Core/Src/main.c:68:6:send_uart_message	16	static
../Core/Src/main.c:71:6:UART_Send_LowByte	24	static
../Core/Src/main.c:79:6:sendFloatAsBytes	24	static
../Core/Src/main.c:85:6:sendGyroData	24	static
../Core/Src/main.c:98:6:sendBmpData	24	static
../Core/Src/main.c:115:6:HAL_UART_RxCpltCallback	16	static
../Core/Src/main.c:136:5:main	64	static
../Core/Src/main.c:204:6:SystemClock_Config	72	static
../Core/Src/main.c:241:13:MX_I2C1_Init	8	static
../Core/Src/main.c:275:13:MX_USART1_UART_Init	8	static
../Core/Src/main.c:308:13:MX_USART2_UART_Init	8	static
../Core/Src/main.c:341:13:MX_GPIO_Init	40	static
../Core/Src/main.c:374:6:Error_Handler	4	static,ignoring_inline_asm
